Archive member included to satisfy reference by file (symbol)

c:/program files (x86)/atollic/truestudio for stm32 9.2.0/armtools/bin/../lib/gcc/arm-atollic-eabi/6.3.1/../../../../arm-atollic-eabi/lib/armv7-m\libc_nano.a(lib_a-init.o)
                              startup\startup_stm32f103xb.o (__libc_init_array)
c:/program files (x86)/atollic/truestudio for stm32 9.2.0/armtools/bin/../lib/gcc/arm-atollic-eabi/6.3.1/../../../../arm-atollic-eabi/lib/armv7-m\libc_nano.a(lib_a-memcpy-stub.o)
                              Src\usbd_cdc_if.o (memcpy)
c:/program files (x86)/atollic/truestudio for stm32 9.2.0/armtools/bin/../lib/gcc/arm-atollic-eabi/6.3.1/../../../../arm-atollic-eabi/lib/armv7-m\libc_nano.a(lib_a-memset.o)
                              Drivers\STM32F1xx_HAL_Driver\Src\stm32f1xx_hal_rcc.o (memset)
c:/program files (x86)/atollic/truestudio for stm32 9.2.0/armtools/bin/../lib/gcc/arm-atollic-eabi/6.3.1/../../../../arm-atollic-eabi/lib/armv7-m\libc_nano.a(lib_a-sprintf.o)
                              Src\main.o (sprintf)
c:/program files (x86)/atollic/truestudio for stm32 9.2.0/armtools/bin/../lib/gcc/arm-atollic-eabi/6.3.1/../../../../arm-atollic-eabi/lib/armv7-m\libc_nano.a(lib_a-impure.o)
                              c:/program files (x86)/atollic/truestudio for stm32 9.2.0/armtools/bin/../lib/gcc/arm-atollic-eabi/6.3.1/../../../../arm-atollic-eabi/lib/armv7-m\libc_nano.a(lib_a-sprintf.o) (_impure_ptr)
c:/program files (x86)/atollic/truestudio for stm32 9.2.0/armtools/bin/../lib/gcc/arm-atollic-eabi/6.3.1/../../../../arm-atollic-eabi/lib/armv7-m\libc_nano.a(lib_a-nano-svfprintf.o)
                              c:/program files (x86)/atollic/truestudio for stm32 9.2.0/armtools/bin/../lib/gcc/arm-atollic-eabi/6.3.1/../../../../arm-atollic-eabi/lib/armv7-m\libc_nano.a(lib_a-sprintf.o) (_svfprintf_r)
c:/program files (x86)/atollic/truestudio for stm32 9.2.0/armtools/bin/../lib/gcc/arm-atollic-eabi/6.3.1/../../../../arm-atollic-eabi/lib/armv7-m\libc_nano.a(lib_a-nano-vfprintf_i.o)
                              c:/program files (x86)/atollic/truestudio for stm32 9.2.0/armtools/bin/../lib/gcc/arm-atollic-eabi/6.3.1/../../../../arm-atollic-eabi/lib/armv7-m\libc_nano.a(lib_a-nano-svfprintf.o) (_printf_i)
c:/program files (x86)/atollic/truestudio for stm32 9.2.0/armtools/bin/../lib/gcc/arm-atollic-eabi/6.3.1/../../../../arm-atollic-eabi/lib/armv7-m\libc_nano.a(lib_a-memchr-stub.o)
                              c:/program files (x86)/atollic/truestudio for stm32 9.2.0/armtools/bin/../lib/gcc/arm-atollic-eabi/6.3.1/../../../../arm-atollic-eabi/lib/armv7-m\libc_nano.a(lib_a-nano-svfprintf.o) (memchr)
c:/program files (x86)/atollic/truestudio for stm32 9.2.0/armtools/bin/../lib/gcc/arm-atollic-eabi/6.3.1/../../../../arm-atollic-eabi/lib/armv7-m\libc_nano.a(lib_a-memmove.o)
                              c:/program files (x86)/atollic/truestudio for stm32 9.2.0/armtools/bin/../lib/gcc/arm-atollic-eabi/6.3.1/../../../../arm-atollic-eabi/lib/armv7-m\libc_nano.a(lib_a-nano-svfprintf.o) (memmove)
c:/program files (x86)/atollic/truestudio for stm32 9.2.0/armtools/bin/../lib/gcc/arm-atollic-eabi/6.3.1/../../../../arm-atollic-eabi/lib/armv7-m\libc_nano.a(lib_a-nano-freer.o)
                              c:/program files (x86)/atollic/truestudio for stm32 9.2.0/armtools/bin/../lib/gcc/arm-atollic-eabi/6.3.1/../../../../arm-atollic-eabi/lib/armv7-m\libc_nano.a(lib_a-nano-svfprintf.o) (_free_r)
c:/program files (x86)/atollic/truestudio for stm32 9.2.0/armtools/bin/../lib/gcc/arm-atollic-eabi/6.3.1/../../../../arm-atollic-eabi/lib/armv7-m\libc_nano.a(lib_a-nano-mallocr.o)
                              c:/program files (x86)/atollic/truestudio for stm32 9.2.0/armtools/bin/../lib/gcc/arm-atollic-eabi/6.3.1/../../../../arm-atollic-eabi/lib/armv7-m\libc_nano.a(lib_a-nano-svfprintf.o) (_malloc_r)
c:/program files (x86)/atollic/truestudio for stm32 9.2.0/armtools/bin/../lib/gcc/arm-atollic-eabi/6.3.1/../../../../arm-atollic-eabi/lib/armv7-m\libc_nano.a(lib_a-nano-reallocr.o)
                              c:/program files (x86)/atollic/truestudio for stm32 9.2.0/armtools/bin/../lib/gcc/arm-atollic-eabi/6.3.1/../../../../arm-atollic-eabi/lib/armv7-m\libc_nano.a(lib_a-nano-svfprintf.o) (_realloc_r)
c:/program files (x86)/atollic/truestudio for stm32 9.2.0/armtools/bin/../lib/gcc/arm-atollic-eabi/6.3.1/../../../../arm-atollic-eabi/lib/armv7-m\libc_nano.a(lib_a-sbrkr.o)
                              c:/program files (x86)/atollic/truestudio for stm32 9.2.0/armtools/bin/../lib/gcc/arm-atollic-eabi/6.3.1/../../../../arm-atollic-eabi/lib/armv7-m\libc_nano.a(lib_a-nano-mallocr.o) (_sbrk_r)
c:/program files (x86)/atollic/truestudio for stm32 9.2.0/armtools/bin/../lib/gcc/arm-atollic-eabi/6.3.1/../../../../arm-atollic-eabi/lib/armv7-m\libc_nano.a(lib_a-mlock.o)
[...]
Memory Configuration

Name             Origin             Length             Attributes
RAM              0x20000000         0x00005000         xrw
FLASH            0x08000000         0x00010000         xr
*default*        0x00000000         0xffffffff

Linker script and memory map

LOAD c:/program files (x86)/atollic/truestudio for stm32 9.2.0/armtools/bin/../lib/gcc/arm-atollic-eabi/6.3.1/armv7-m/crti.o
LOAD c:/program files (x86)/atollic/truestudio for stm32 9.2.0/armtools/bin/../lib/gcc/arm-atollic-eabi/6.3.1/armv7-m/crtbegin.o
LOAD Drivers\STM32F1xx_HAL_Driver\Src\stm32f1xx_hal.o
LOAD Drivers\STM32F1xx_HAL_Driver\Src\stm32f1xx_hal_adc.o
LOAD Drivers\STM32F1xx_HAL_Driver\Src\stm32f1xx_hal_adc_ex.o
LOAD Drivers\STM32F1xx_HAL_Driver\Src\stm32f1xx_hal_cortex.o
LOAD Drivers\STM32F1xx_HAL_Driver\Src\stm32f1xx_hal_dma.o
LOAD Drivers\STM32F1xx_HAL_Driver\Src\stm32f1xx_hal_flash.o
LOAD Drivers\STM32F1xx_HAL_Driver\Src\stm32f1xx_hal_flash_ex.o
LOAD Drivers\STM32F1xx_HAL_Driver\Src\stm32f1xx_hal_gpio.o
LOAD Drivers\STM32F1xx_HAL_Driver\Src\stm32f1xx_hal_gpio_ex.o
LOAD Drivers\STM32F1xx_HAL_Driver\Src\stm32f1xx_hal_pcd.o
LOAD Drivers\STM32F1xx_HAL_Driver\Src\stm32f1xx_hal_pcd_ex.o
LOAD Drivers\STM32F1xx_HAL_Driver\Src\stm32f1xx_hal_pwr.o
LOAD Drivers\STM32F1xx_HAL_Driver\Src\stm32f1xx_hal_rcc.o
LOAD Drivers\STM32F1xx_HAL_Driver\Src\stm32f1xx_hal_rcc_ex.o
LOAD Drivers\STM32F1xx_HAL_Driver\Src\stm32f1xx_hal_tim.o
LOAD Drivers\STM32F1xx_HAL_Driver\Src\stm32f1xx_hal_tim_ex.o
LOAD Drivers\STM32F1xx_HAL_Driver\Src\stm32f1xx_hal_uart.o
LOAD Drivers\STM32F1xx_HAL_Driver\Src\stm32f1xx_ll_usb.o
LOAD Middlewares\ST\STM32_USB_Device_Library\Class\CDC\Src\usbd_cdc.o
LOAD Middlewares\ST\STM32_USB_Device_Library\Core\Src\usbd_core.o
LOAD Middlewares\ST\STM32_USB_Device_Library\Core\Src\usbd_ctlreq.o
LOAD Middlewares\ST\STM32_USB_Device_Library\Core\Src\usbd_ioreq.o
LOAD Src\HAL_STM32_ADC.o
LOAD Src\HAL_STM32_CONTROL.o
LOAD Src\HAL_STM32_PWM.o
LOAD Src\HAL_STM32_SERVO.o
LOAD Src\HAL_STM32_UART.o
LOAD Src\HAL_STM32_USB.o
LOAD Src\adc.o
LOAD Src\gpio.o
LOAD Src\main.o
LOAD Src\stm32f1xx_hal_msp.o
LOAD Src\stm32f1xx_it.o
LOAD Src\system_stm32f1xx.o
LOAD Src\tim.o
LOAD Src\usart.o
LOAD Src\usb_device.o
LOAD Src\usbd_cdc_if.o
LOAD Src\usbd_conf.o
LOAD Src\usbd_desc.o
LOAD startup\startup_stm32f103xb.o
                0x00000080                malloc_getpagesize_P = 0x80
START GROUP
LOAD c:/program files (x86)/atollic/truestudio for stm32 9.2.0/armtools/bin/../lib/gcc/arm-atollic-eabi/6.3.1/../../../../arm-atollic-eabi/lib/armv7-m\libc_nano.a
LOAD c:/program files (x86)/atollic/truestudio for stm32 9.2.0/armtools/bin/../lib/gcc/arm-atollic-eabi/6.3.1/../../../../arm-atollic-eabi/lib/armv7-m\libm.a
END GROUP
START GROUP
LOAD c:/program files (x86)/atollic/truestudio for stm32 9.2.0/armtools/bin/../lib/gcc/arm-atollic-eabi/6.3.1/armv7-m\libgcc.a
LOAD c:/program files (x86)/atollic/truestudio for stm32 9.2.0/armtools/bin/../lib/gcc/arm-atollic-eabi/6.3.1/../../../../arm-atollic-eabi/lib/armv7-m\libc_nano.a
END GROUP
START GROUP
LOAD c:/program files (x86)/atollic/truestudio for stm32 9.2.0/armtools/bin/../lib/gcc/arm-atollic-eabi/6.3.1/armv7-m\libgcc.a
LOAD c:/program files (x86)/atollic/truestudio for stm32 9.2.0/armtools/bin/../lib/gcc/arm-atollic-eabi/6.3.1/../../../../arm-atollic-eabi/lib/armv7-m\libc_nano.a
LOAD c:/program files (x86)/atollic/truestudio for stm32 9.2.0/armtools/bin/../lib/gcc/arm-atollic-eabi/6.3.1/../../../../arm-atollic-eabi/lib/armv7-m\libnosys.a
END GROUP
START GROUP
LOAD c:/program files (x86)/atollic/truestudio for stm32 9.2.0/armtools/bin/../lib/gcc/arm-atollic-eabi/6.3.1/armv7-m\libgcc.a
LOAD c:/program files (x86)/atollic/truestudio for stm32 9.2.0/armtools/bin/../lib/gcc/arm-atollic-eabi/6.3.1/../../../../arm-atollic-eabi/lib/armv7-m\libc_nano.a
LOAD c:/program files (x86)/atollic/truestudio for stm32 9.2.0/armtools/bin/../lib/gcc/arm-atollic-eabi/6.3.1/../../../../arm-atollic-eabi/lib/armv7-m\libnosys.a
END GROUP
LOAD c:/program files (x86)/atollic/truestudio for stm32 9.2.0/armtools/bin/../lib/gcc/arm-atollic-eabi/6.3.1/armv7-m/crtend.o
LOAD c:/program files (x86)/atollic/truestudio for stm32 9.2.0/armtools/bin/../lib/gcc/arm-atollic-eabi/6.3.1/armv7-m/crtn.o
                0x20005000                _estack = 0x20005000
                0x00000200                _Min_Heap_Size = 0x200
                0x00000400                _Min_Stack_Size = 0x400

.isr_vector     0x08000000      0x10c
                0x08000000                . = ALIGN (0x4)
 *(.isr_vector)
 .isr_vector    0x08000000      0x10c startup\startup_stm32f103xb.o
                0x08000000                g_pfnVectors
                0x0800010c                . = ALIGN (0x4)

.text           0x08000110     0x5558
                0x08000110                . = ALIGN (0x4)
 *(.text)
 .text          0x08000110       0x40 c:/program files (x86)/atollic/truestudio for stm32 9.2.0/armtools/bin/../lib/gcc/arm-atollic-eabi/6.3.1/armv7-m/crtbegin.o
 .text          0x08000150      0x370 c:/program files (x86)/atollic/truestudio for stm32 9.2.0/armtools/bin/../lib/gcc/arm-atollic-eabi/6.3.1/armv7-m\libgcc.a(_arm_addsubdf3.o)
                0x08000150                __aeabi_drsub
                0x08000158                __aeabi_dsub
                0x08000158                __subdf3
                0x0800015c                __aeabi_dadd
                0x0800015c                __adddf3
                0x080003d4                __floatunsidf
                0x080003d4                __aeabi_ui2d
                0x080003f4                __floatsidf
                0x080003f4                __aeabi_i2d
                0x08000418                __aeabi_f2d
                0x08000418                __extendsfdf2
                0x08000454                __floatundidf
                0x08000454                __aeabi_ul2d
                0x08000464                __floatdidf
                0x08000464                __aeabi_l2d
 .text          0x080004c0      0x424 c:/program files (x86)/atollic/truestudio for stm32 9.2.0/armtools/bin/../lib/gcc/arm-atollic-eabi/6.3.1/armv7-m\libgcc.a(_arm_muldivdf3.o)
                0x080004c0                __aeabi_dmul
                0x080004c0                __muldf3
                0x08000714                __divdf3
                0x08000714                __aeabi_ddiv
 .text          0x080008e4       0xa0 c:/program files (x86)/atollic/truestudio for stm32 9.2.0/armtools/bin/../lib/gcc/arm-atollic-eabi/6.3.1/armv7-m\libgcc.a(_arm_truncdfsf2.o)
                0x080008e4                __truncdfsf2
                0x080008e4                __aeabi_d2f
 .text          0x08000984      0x21c c:/program files (x86)/atollic/truestudio for stm32 9.2.0/armtools/bin/../lib/gcc/arm-atollic-eabi/6.3.1/armv7-m\libgcc.a(_arm_addsubsf3.o)
                0x08000984                __aeabi_frsub
                0x0800098c                __subsf3
                0x0800098c                __aeabi_fsub
                0x08000990                __aeabi_fadd
                0x08000990                __addsf3
                0x08000af0                __aeabi_ui2f
                0x08000af0                __floatunsisf
                0x08000af8                __aeabi_i2f
                0x08000af8                __floatsisf
                0x08000b14                __aeabi_ul2f
                0x08000b14                __floatundisf
                0x08000b24                __aeabi_l2f
                0x08000b24                __floatdisf
 .text          0x08000ba0       0x4c c:/program files (x86)/atollic/truestudio for stm32 9.2.0/armtools/bin/../lib/gcc/arm-atollic-eabi/6.3.1/armv7-m\libgcc.a(_arm_fixsfsi.o)
                0x08000ba0                __aeabi_f2iz
                0x08000ba0                __fixsfsi
 *(.text*)
 .text.HAL_InitTick
                0x08000bec       0x48 Drivers\STM32F1xx_HAL_Driver\Src\stm32f1xx_hal.o
                0x08000bec                HAL_InitTick
 .text.HAL_Init
                0x08000c34       0x24 Drivers\STM32F1xx_HAL_Driver\Src\stm32f1xx_hal.o
                0x08000c34                HAL_Init
 .text.HAL_IncTick
                0x08000c58       0x18 Drivers\STM32F1xx_HAL_Driver\Src\stm32f1xx_hal.o
                0x08000c58                HAL_IncTick
 .text.HAL_GetTick
                0x08000c70        0xc Drivers\STM32F1xx_HAL_Driver\Src\stm32f1xx_hal.o
                0x08000c70                HAL_GetTick
 .text.HAL_Delay
                0x08000c7c       0x24 Drivers\STM32F1xx_HAL_Driver\Src\stm32f1xx_hal.o
                0x08000c7c                HAL_Delay
 .text.HAL_ADC_PollForConversion
                0x08000ca0      0x13c Drivers\STM32F1xx_HAL_Driver\Src\stm32f1xx_hal_adc.o
                0x08000ca0                HAL_ADC_PollForConversion
 .text.HAL_ADC_GetValue
                0x08000ddc        0x6 Drivers\STM32F1xx_HAL_Driver\Src\stm32f1xx_hal_adc.o
                0x08000ddc                HAL_ADC_GetValue
 *fill*         0x08000de2        0x2 
 .text.HAL_ADC_ConfigChannel
                0x08000de4      0x108 Drivers\STM32F1xx_HAL_Driver\Src\stm32f1xx_hal_adc.o
                0x08000de4                HAL_ADC_ConfigChannel
 .text.ADC_Enable
                0x08000eec       0x70 Drivers\STM32F1xx_HAL_Driver\Src\stm32f1xx_hal_adc.o
                0x08000eec                ADC_Enable
 .text.HAL_ADC_Start
                0x08000f5c       0xc4 Drivers\STM32F1xx_HAL_Driver\Src\stm32f1xx_hal_adc.o
                0x08000f5c                HAL_ADC_Start
 .text.ADC_ConversionStop_Disable
                0x08001020       0x44 Drivers\STM32F1xx_HAL_Driver\Src\stm32f1xx_hal_adc.o
                0x08001020                ADC_ConversionStop_Disable
 .text.HAL_ADC_Init
                0x08001064      0x100 Drivers\STM32F1xx_HAL_Driver\Src\stm32f1xx_hal_adc.o
                0x08001064                HAL_ADC_Init
 .text.HAL_NVIC_SetPriorityGrouping
                0x08001164       0x24 Drivers\STM32F1xx_HAL_Driver\Src\stm32f1xx_hal_cortex.o
                0x08001164                HAL_NVIC_SetPriorityGrouping
 .text.HAL_NVIC_SetPriority
                0x08001188       0x68 Drivers\STM32F1xx_HAL_Driver\Src\stm32f1xx_hal_cortex.o
                0x08001188                HAL_NVIC_SetPriority
 .text.HAL_NVIC_EnableIRQ
                0x080011f0       0x18 Drivers\STM32F1xx_HAL_Driver\Src\stm32f1xx_hal_cortex.o
                0x080011f0                HAL_NVIC_EnableIRQ
 .text.HAL_SYSTICK_Config
                0x08001208       0x2c Drivers\STM32F1xx_HAL_Driver\Src\stm32f1xx_hal_cortex.o
                0x08001208                HAL_SYSTICK_Config
 .text.HAL_GPIO_Init
                0x08001234      0x1c0 Drivers\STM32F1xx_HAL_Driver\Src\stm32f1xx_hal_gpio.o
                0x08001234                HAL_GPIO_Init
 .text.HAL_GPIO_ReadPin
                0x080013f4        0xc Drivers\STM32F1xx_HAL_Driver\Src\stm32f1xx_hal_gpio.o
                0x080013f4                HAL_GPIO_ReadPin
 .text.HAL_GPIO_WritePin
                0x08001400        0xa Drivers\STM32F1xx_HAL_Driver\Src\stm32f1xx_hal_gpio.o
                0x08001400                HAL_GPIO_WritePin
 .text.HAL_PCD_Init
                0x0800140a       0xd2 Drivers\STM32F1xx_HAL_Driver\Src\stm32f1xx_hal_pcd.o
                0x0800140a                HAL_PCD_Init
 .text.HAL_PCD_Start
                0x080014dc       0x2e Drivers\STM32F1xx_HAL_Driver\Src\stm32f1xx_hal_pcd.o
                0x080014dc                HAL_PCD_Start
 .text.HAL_PCD_SetAddress
                0x0800150a       0x28 Drivers\STM32F1xx_HAL_Driver\Src\stm32f1xx_hal_pcd.o
                0x0800150a                HAL_PCD_SetAddress
 .text.HAL_PCD_EP_Open
                0x08001532       0x46 Drivers\STM32F1xx_HAL_Driver\Src\stm32f1xx_hal_pcd.o
                0x08001532                HAL_PCD_EP_Open
 .text.HAL_PCD_EP_Close
                0x08001578       0x42 Drivers\STM32F1xx_HAL_Driver\Src\stm32f1xx_hal_pcd.o
                0x08001578                HAL_PCD_EP_Close
 .text.HAL_PCD_EP_Receive
                0x080015ba       0x30 Drivers\STM32F1xx_HAL_Driver\Src\stm32f1xx_hal_pcd.o
                0x080015ba                HAL_PCD_EP_Receive
 .text.HAL_PCD_EP_GetRxCount
                0x080015ea        0xe Drivers\STM32F1xx_HAL_Driver\Src\stm32f1xx_hal_pcd.o
                0x080015ea                HAL_PCD_EP_GetRxCount
 .text.HAL_PCD_EP_Transmit
                0x080015f8       0x2c Drivers\STM32F1xx_HAL_Driver\Src\stm32f1xx_hal_pcd.o
                0x080015f8                HAL_PCD_EP_Transmit
 .text.HAL_PCD_IRQHandler
                0x08001624      0x4f0 Drivers\STM32F1xx_HAL_Driver\Src\stm32f1xx_hal_pcd.o
                0x08001624                HAL_PCD_IRQHandler
 .text.HAL_PCD_EP_SetStall
                0x08001b14       0x52 Drivers\STM32F1xx_HAL_Driver\Src\stm32f1xx_hal_pcd.o
                0x08001b14                HAL_PCD_EP_SetStall
 .text.HAL_PCD_EP_ClrStall
                0x08001b66       0x46 Drivers\STM32F1xx_HAL_Driver\Src\stm32f1xx_hal_pcd.o
                0x08001b66                HAL_PCD_EP_ClrStall
 .text.HAL_PCDEx_PMAConfig
                0x08001bac       0x30 Drivers\STM32F1xx_HAL_Driver\Src\stm32f1xx_hal_pcd_ex.o
                0x08001bac                HAL_PCDEx_PMAConfig
 .text.HAL_RCC_OscConfig
                0x08001bdc      0x318 Drivers\STM32F1xx_HAL_Driver\Src\stm32f1xx_hal_rcc.o
                0x08001bdc                HAL_RCC_OscConfig
 .text.HAL_RCC_GetSysClockFreq
                0x08001ef4       0x78 Drivers\STM32F1xx_HAL_Driver\Src\stm32f1xx_hal_rcc.o
                0x08001ef4                HAL_RCC_GetSysClockFreq
 .text.HAL_RCC_ClockConfig
                0x08001f6c      0x164 Drivers\STM32F1xx_HAL_Driver\Src\stm32f1xx_hal_rcc.o
                0x08001f6c                HAL_RCC_ClockConfig
 .text.HAL_RCC_GetPCLK1Freq
                0x080020d0       0x20 Drivers\STM32F1xx_HAL_Driver\Src\stm32f1xx_hal_rcc.o
                0x080020d0                HAL_RCC_GetPCLK1Freq
 .text.HAL_RCC_GetPCLK2Freq
                0x080020f0       0x20 Drivers\STM32F1xx_HAL_Driver\Src\stm32f1xx_hal_rcc.o
                0x080020f0                HAL_RCC_GetPCLK2Freq
 .text.HAL_RCCEx_PeriphCLKConfig
                0x08002110       0xf0 Drivers\STM32F1xx_HAL_Driver\Src\stm32f1xx_hal_rcc_ex.o
                0x08002110                HAL_RCCEx_PeriphCLKConfig
 .text.HAL_RCCEx_GetPeriphCLKFreq
                0x08002200       0xec Drivers\STM32F1xx_HAL_Driver\Src\stm32f1xx_hal_rcc_ex.o
                0x08002200                HAL_RCCEx_GetPeriphCLKFreq
 .text.TIM_OC1_SetConfig
                0x080022ec       0x50 Drivers\STM32F1xx_HAL_Driver\Src\stm32f1xx_hal_tim.o
 .text.TIM_OC3_SetConfig
                0x0800233c       0x54 Drivers\STM32F1xx_HAL_Driver\Src\stm32f1xx_hal_tim.o
 .text.TIM_OC4_SetConfig
                0x08002390       0x44 Drivers\STM32F1xx_HAL_Driver\Src\stm32f1xx_hal_tim.o
 .text.HAL_TIM_Base_Start_IT
                0x080023d4       0x16 Drivers\STM32F1xx_HAL_Driver\Src\stm32f1xx_hal_tim.o
                0x080023d4                HAL_TIM_Base_Start_IT
 .text.HAL_TIM_Base_Stop_IT
                0x080023ea       0x2a Drivers\STM32F1xx_HAL_Driver\Src\stm32f1xx_hal_tim.o
                0x080023ea                HAL_TIM_Base_Stop_IT
 .text.HAL_TIM_PWM_MspInit
                0x08002414        0x2 Drivers\STM32F1xx_HAL_Driver\Src\stm32f1xx_hal_tim.o
                0x08002414                HAL_TIM_PWM_MspInit
 .text.HAL_TIM_ConfigClockSource
                0x08002416      0x172 Drivers\STM32F1xx_HAL_Driver\Src\stm32f1xx_hal_tim.o
                0x08002416                HAL_TIM_ConfigClockSource
 .text.HAL_TIM_PeriodElapsedCallback
                0x08002588        0x2 Drivers\STM32F1xx_HAL_Driver\Src\stm32f1xx_hal_tim.o
                0x08002588                HAL_TIM_PeriodElapsedCallback
 .text.HAL_TIM_OC_DelayElapsedCallback
                0x0800258a        0x2 Drivers\STM32F1xx_HAL_Driver\Src\stm32f1xx_hal_tim.o
                0x0800258a                HAL_TIM_OC_DelayElapsedCallback
 .text.HAL_TIM_IC_CaptureCallback
                0x0800258c        0x2 Drivers\STM32F1xx_HAL_Driver\Src\stm32f1xx_hal_tim.o
                0x0800258c                HAL_TIM_IC_CaptureCallback
 .text.HAL_TIM_PWM_PulseFinishedCallback
                0x0800258e        0x2 Drivers\STM32F1xx_HAL_Driver\Src\stm32f1xx_hal_tim.o
                0x0800258e                HAL_TIM_PWM_PulseFinishedCallback
 .text.HAL_TIM_TriggerCallback
                0x08002590        0x2 Drivers\STM32F1xx_HAL_Driver\Src\stm32f1xx_hal_tim.o
                0x08002590                HAL_TIM_TriggerCallback
 .text.HAL_TIM_IRQHandler
                0x08002592      0x144 Drivers\STM32F1xx_HAL_Driver\Src\stm32f1xx_hal_tim.o
                0x08002592                HAL_TIM_IRQHandler
 *fill*         0x080026d6        0x2 
 .text.TIM_Base_SetConfig
                0x080026d8       0x70 Drivers\STM32F1xx_HAL_Driver\Src\stm32f1xx_hal_tim.o
                0x080026d8                TIM_Base_SetConfig
 .text.HAL_TIM_Base_Init
                0x08002748       0x34 Drivers\STM32F1xx_HAL_Driver\Src\stm32f1xx_hal_tim.o
                0x08002748                HAL_TIM_Base_Init
 .text.HAL_TIM_PWM_Init
                0x0800277c       0x34 Drivers\STM32F1xx_HAL_Driver\Src\stm32f1xx_hal_tim.o
                0x0800277c                HAL_TIM_PWM_Init
 .text.TIM_OC2_SetConfig
                0x080027b0       0x58 Drivers\STM32F1xx_HAL_Driver\Src\stm32f1xx_hal_tim.o
                0x080027b0                TIM_OC2_SetConfig
 .text.HAL_TIM_PWM_ConfigChannel
                0x08002808       0xc4 Drivers\STM32F1xx_HAL_Driver\Src\stm32f1xx_hal_tim.o
                0x08002808                HAL_TIM_PWM_ConfigChannel
 .text.TIM_CCxChannelCmd
                0x080028cc       0x18 Drivers\STM32F1xx_HAL_Driver\Src\stm32f1xx_hal_tim.o
                0x080028cc                TIM_CCxChannelCmd
 .text.HAL_TIM_PWM_Start
                0x080028e4       0x2c Drivers\STM32F1xx_HAL_Driver\Src\stm32f1xx_hal_tim.o
                0x080028e4                HAL_TIM_PWM_Start
 .text.HAL_TIMEx_MasterConfigSynchronization
                0x08002910       0x44 Drivers\STM32F1xx_HAL_Driver\Src\stm32f1xx_hal_tim_ex.o
                0x08002910                HAL_TIMEx_MasterConfigSynchronization
 .text.HAL_TIMEx_CommutationCallback
                0x08002954        0x2 Drivers\STM32F1xx_HAL_Driver\Src\stm32f1xx_hal_tim_ex.o
                0x08002954                HAL_TIMEx_CommutationCallback
 .text.HAL_TIMEx_BreakCallback
                0x08002956        0x2 Drivers\STM32F1xx_HAL_Driver\Src\stm32f1xx_hal_tim_ex.o
                0x08002956                HAL_TIMEx_BreakCallback
 .text.UART_SetConfig
                0x08002958      0x13c Drivers\STM32F1xx_HAL_Driver\Src\stm32f1xx_hal_uart.o
 .text.HAL_UART_Init
                0x08002a94       0x5c Drivers\STM32F1xx_HAL_Driver\Src\stm32f1xx_hal_uart.o
                0x08002a94                HAL_UART_Init
 .text.USB_CoreInit
                0x08002af0        0xe Drivers\STM32F1xx_HAL_Driver\Src\stm32f1xx_ll_usb.o
                0x08002af0                USB_CoreInit
 .text.USB_EnableGlobalInt
                0x08002afe       0x12 Drivers\STM32F1xx_HAL_Driver\Src\stm32f1xx_ll_usb.o
                0x08002afe                USB_EnableGlobalInt
 .text.USB_DisableGlobalInt
                0x08002b10       0x14 Drivers\STM32F1xx_HAL_Driver\Src\stm32f1xx_ll_usb.o
                0x08002b10                USB_DisableGlobalInt
 .text.USB_SetCurrentMode
                0x08002b24        0x4 Drivers\STM32F1xx_HAL_Driver\Src\stm32f1xx_ll_usb.o
                0x08002b24                USB_SetCurrentMode
 .text.USB_DevInit
                0x08002b28       0x36 Drivers\STM32F1xx_HAL_Driver\Src\stm32f1xx_ll_usb.o
                0x08002b28                USB_DevInit
 *fill*         0x08002b5e        0x2 
 .text.USB_ActivateEndpoint
                0x08002b60      0x2e4 Drivers\STM32F1xx_HAL_Driver\Src\stm32f1xx_ll_usb.o
                0x08002b60                USB_ActivateEndpoint
 .text.USB_DeactivateEndpoint
                0x08002e44      0x19c Drivers\STM32F1xx_HAL_Driver\Src\stm32f1xx_ll_usb.o
                0x08002e44                USB_DeactivateEndpoint
 .text.USB_EPSetStall
                0x08002fe0       0x64 Drivers\STM32F1xx_HAL_Driver\Src\stm32f1xx_ll_usb.o
                0x08002fe0                USB_EPSetStall
 .text.USB_EPClearStall
                0x08003044       0x84 Drivers\STM32F1xx_HAL_Driver\Src\stm32f1xx_ll_usb.o
                0x08003044                USB_EPClearStall
 .text.USB_SetDevAddress
                0x080030c8        0xc Drivers\STM32F1xx_HAL_Driver\Src\stm32f1xx_ll_usb.o
                0x080030c8                USB_SetDevAddress
 .text.USB_DevConnect
                0x080030d4        0x4 Drivers\STM32F1xx_HAL_Driver\Src\stm32f1xx_ll_usb.o
                0x080030d4                USB_DevConnect
 .text.USB_DevDisconnect
                0x080030d8        0x4 Drivers\STM32F1xx_HAL_Driver\Src\stm32f1xx_ll_usb.o
                0x080030d8                USB_DevDisconnect
 .text.USB_ReadInterrupts
                0x080030dc        0x8 Drivers\STM32F1xx_HAL_Driver\Src\stm32f1xx_ll_usb.o
                0x080030dc                USB_ReadInterrupts
 .text.USB_EP0_OutStart
                0x080030e4        0x4 Drivers\STM32F1xx_HAL_Driver\Src\stm32f1xx_ll_usb.o
                0x080030e4                USB_EP0_OutStart
 .text.USB_WritePMA
                0x080030e8       0x22 Drivers\STM32F1xx_HAL_Driver\Src\stm32f1xx_ll_usb.o
                0x080030e8                USB_WritePMA
 *fill*         0x0800310a        0x2 
 .text.USB_EPStartXfer
                0x0800310c      0x200 Drivers\STM32F1xx_HAL_Driver\Src\stm32f1xx_ll_usb.o
                0x0800310c                USB_EPStartXfer
 .text.USB_ReadPMA
                0x0800330c       0x22 Drivers\STM32F1xx_HAL_Driver\Src\stm32f1xx_ll_usb.o
                0x0800330c                USB_ReadPMA
 .text.USBD_CDC_DataIn
                0x0800332e       0x12 Middlewares\ST\STM32_USB_Device_Library\Class\CDC\Src\usbd_cdc.o
 .text.USBD_CDC_EP0_RxReady
                0x08003340       0x28 Middlewares\ST\STM32_USB_Device_Library\Class\CDC\Src\usbd_cdc.o
 .text.USBD_CDC_GetFSCfgDesc
                0x08003368        0xc Middlewares\ST\STM32_USB_Device_Library\Class\CDC\Src\usbd_cdc.o
 .text.USBD_CDC_GetHSCfgDesc
                0x08003374        0xc Middlewares\ST\STM32_USB_Device_Library\Class\CDC\Src\usbd_cdc.o
 .text.USBD_CDC_GetOtherSpeedCfgDesc
                0x08003380        0xc Middlewares\ST\STM32_USB_Device_Library\Class\CDC\Src\usbd_cdc.o
 .text.USBD_CDC_GetDeviceQualifierDescriptor
                0x0800338c        0xc Middlewares\ST\STM32_USB_Device_Library\Class\CDC\Src\usbd_cdc.o
                0x0800338c                USBD_CDC_GetDeviceQualifierDescriptor
 .text.USBD_CDC_DataOut
                0x08003398       0x2e Middlewares\ST\STM32_USB_Device_Library\Class\CDC\Src\usbd_cdc.o
 *fill*         0x080033c6        0x2 
 .text.USBD_CDC_Setup
                0x080033c8       0x68 Middlewares\ST\STM32_USB_Device_Library\Class\CDC\Src\usbd_cdc.o
 .text.USBD_CDC_DeInit
                0x08003430       0x3a Middlewares\ST\STM32_USB_Device_Library\Class\CDC\Src\usbd_cdc.o
 .text.USBD_CDC_Init
                0x0800346a       0x8c Middlewares\ST\STM32_USB_Device_Library\Class\CDC\Src\usbd_cdc.o
 .text.USBD_CDC_RegisterInterface
                0x080034f6        0xe Middlewares\ST\STM32_USB_Device_Library\Class\CDC\Src\usbd_cdc.o
                0x080034f6                USBD_CDC_RegisterInterface
 .text.USBD_CDC_SetTxBuffer
                0x08003504       0x10 Middlewares\ST\STM32_USB_Device_Library\Class\CDC\Src\usbd_cdc.o
                0x08003504                USBD_CDC_SetTxBuffer
 .text.USBD_CDC_SetRxBuffer
                0x08003514        0xc Middlewares\ST\STM32_USB_Device_Library\Class\CDC\Src\usbd_cdc.o
                0x08003514                USBD_CDC_SetRxBuffer
 .text.USBD_CDC_TransmitPacket
                0x08003520       0x2e Middlewares\ST\STM32_USB_Device_Library\Class\CDC\Src\usbd_cdc.o
                0x08003520                USBD_CDC_TransmitPacket
 .text.USBD_CDC_ReceivePacket
                0x0800354e       0x26 Middlewares\ST\STM32_USB_Device_Library\Class\CDC\Src\usbd_cdc.o
                0x0800354e                USBD_CDC_ReceivePacket
 .text.USBD_Init
                0x08003574       0x2a Middlewares\ST\STM32_USB_Device_Library\Core\Src\usbd_core.o
                0x08003574                USBD_Init
 .text.USBD_RegisterClass
                0x0800359e        0xe Middlewares\ST\STM32_USB_Device_Library\Core\Src\usbd_core.o
                0x0800359e                USBD_RegisterClass
 .text.USBD_Start
                0x080035ac        0xa Middlewares\ST\STM32_USB_Device_Library\Core\Src\usbd_core.o
                0x080035ac                USBD_Start
 .text.USBD_SetClassConfig
                0x080035b6       0x16 Middlewares\ST\STM32_USB_Device_Library\Core\Src\usbd_core.o
                0x080035b6                USBD_SetClassConfig
 .text.USBD_ClrClassConfig
                0x080035cc        0xe Middlewares\ST\STM32_USB_Device_Library\Core\Src\usbd_core.o
                0x080035cc                USBD_ClrClassConfig
 .text.USBD_LL_SetupStage
                0x080035da       0x5a Middlewares\ST\STM32_USB_Device_Library\Core\Src\usbd_core.o
                0x080035da                USBD_LL_SetupStage
 .text.USBD_LL_DataOutStage
                0x08003634       0x64 Middlewares\ST\STM32_USB_Device_Library\Core\Src\usbd_core.o
                0x08003634                USBD_LL_DataOutStage
 .text.USBD_LL_DataInStage
                0x08003698       0x9e Middlewares\ST\STM32_USB_Device_Library\Core\Src\usbd_core.o
                0x08003698                USBD_LL_DataInStage
 .text.USBD_LL_Reset
                0x08003736       0x3e Middlewares\ST\STM32_USB_Device_Library\Core\Src\usbd_core.o
                0x08003736                USBD_LL_Reset
 .text.USBD_LL_SetSpeed
                0x08003774        0x6 Middlewares\ST\STM32_USB_Device_Library\Core\Src\usbd_core.o
                0x08003774                USBD_LL_SetSpeed
 .text.USBD_LL_Suspend
                0x0800377a       0x12 Middlewares\ST\STM32_USB_Device_Library\Core\Src\usbd_core.o
                0x0800377a                USBD_LL_Suspend
 .text.USBD_LL_Resume
                0x0800378c        0xc Middlewares\ST\STM32_USB_Device_Library\Core\Src\usbd_core.o
                0x0800378c                USBD_LL_Resume
 .text.USBD_LL_SOF
                0x08003798       0x18 Middlewares\ST\STM32_USB_Device_Library\Core\Src\usbd_core.o
                0x08003798                USBD_LL_SOF
 .text.USBD_CtlError.constprop.0
                0x080037b0       0x16 Middlewares\ST\STM32_USB_Device_Library\Core\Src\usbd_ctlreq.o
 *fill*         0x080037c6        0x2 
 .text.USBD_StdDevReq
                0x080037c8      0x1f4 Middlewares\ST\STM32_USB_Device_Library\Core\Src\usbd_ctlreq.o
                0x080037c8                USBD_StdDevReq
 .text.USBD_StdItfReq
                0x080039bc       0x30 Middlewares\ST\STM32_USB_Device_Library\Core\Src\usbd_ctlreq.o
                0x080039bc                USBD_StdItfReq
 .text.USBD_StdEPReq
                0x080039ec       0xc6 Middlewares\ST\STM32_USB_Device_Library\Core\Src\usbd_ctlreq.o
                0x080039ec                USBD_StdEPReq
 .text.USBD_ParseSetupRequest
                0x08003ab2       0x28 Middlewares\ST\STM32_USB_Device_Library\Core\Src\usbd_ctlreq.o
                0x08003ab2                USBD_ParseSetupRequest
 .text.USBD_GetString
                0x08003ada       0x38 Middlewares\ST\STM32_USB_Device_Library\Core\Src\usbd_ctlreq.o
                0x08003ada                USBD_GetString
 .text.USBD_CtlSendData
                0x08003b12       0x1a Middlewares\ST\STM32_USB_Device_Library\Core\Src\usbd_ioreq.o
                0x08003b12                USBD_CtlSendData
 .text.USBD_CtlContinueSendData
                0x08003b2c       0x10 Middlewares\ST\STM32_USB_Device_Library\Core\Src\usbd_ioreq.o
                0x08003b2c                USBD_CtlContinueSendData
 .text.USBD_CtlPrepareRx
                0x08003b3c       0x1e Middlewares\ST\STM32_USB_Device_Library\Core\Src\usbd_ioreq.o
                0x08003b3c                USBD_CtlPrepareRx
 .text.USBD_CtlContinueRx
                0x08003b5a       0x10 Middlewares\ST\STM32_USB_Device_Library\Core\Src\usbd_ioreq.o
                0x08003b5a                USBD_CtlContinueRx
 .text.USBD_CtlSendStatus
                0x08003b6a       0x16 Middlewares\ST\STM32_USB_Device_Library\Core\Src\usbd_ioreq.o
                0x08003b6a                USBD_CtlSendStatus
 .text.USBD_CtlReceiveStatus
                0x08003b80       0x16 Middlewares\ST\STM32_USB_Device_Library\Core\Src\usbd_ioreq.o
                0x08003b80                USBD_CtlReceiveStatus
 .text.HAL_STM32_ADC_Init
                0x08003b96        0x4 Src\HAL_STM32_ADC.o
                0x08003b96                HAL_STM32_ADC_Init
 *fill*         0x08003b9a        0x2 
 .text.HAL_STM32_ADC_MeasureStart
                0x08003b9c        0xc Src\HAL_STM32_ADC.o
                0x08003b9c                HAL_STM32_ADC_MeasureStart
 .text.HAL_STM32_ADC_Poll
                0x08003ba8        0xc Src\HAL_STM32_ADC.o
                0x08003ba8                HAL_STM32_ADC_Poll
 .text.HAL_STM32_ADC_GetVal
                0x08003bb4        0xc Src\HAL_STM32_ADC.o
                0x08003bb4                HAL_STM32_ADC_GetVal
 .text.Motor_set
                0x08003bc0       0x40 Src\HAL_STM32_CONTROL.o
                0x08003bc0                Motor_set
 .text.Dir_set  0x08003c00        0x4 Src\HAL_STM32_CONTROL.o
                0x08003c00                Dir_set
 .text.Lamp_set
                0x08003c04       0x1c Src\HAL_STM32_CONTROL.o
                0x08003c04                Lamp_set
 .text.HAL_STM32_InitPWM
                0x08003c20       0x20 Src\HAL_STM32_PWM.o
                0x08003c20                HAL_STM32_InitPWM
 .text.HAL_STM32_SetPWMDuty
                0x08003c40        0xc Src\HAL_STM32_PWM.o
                0x08003c40                HAL_STM32_SetPWMDuty
 .text.HAL_STM32_InitServo
                0x08003c4c       0x20 Src\HAL_STM32_SERVO.o
                0x08003c4c                HAL_STM32_InitServo
 .text.HAL_STM32_ServoPosition
                0x08003c6c        0xc Src\HAL_STM32_SERVO.o
                0x08003c6c                HAL_STM32_ServoPosition
 .text.HAL_STM32_UART_Init
                0x08003c78        0x4 Src\HAL_STM32_UART.o
                0x08003c78                HAL_STM32_UART_Init
 .text.HAL_STM32_USB_DEVICE_Init
                0x08003c7c        0x4 Src\HAL_STM32_USB.o
                0x08003c7c                HAL_STM32_USB_DEVICE_Init
 .text.HAL_STM32_CDC_Transmit_FS
                0x08003c80        0x4 Src\HAL_STM32_USB.o
                0x08003c80                HAL_STM32_CDC_Transmit_FS
 .text.HAL_STM32_VCP_retrieveInputData
                0x08003c84        0xa Src\HAL_STM32_USB.o
                0x08003c84                HAL_STM32_VCP_retrieveInputData
 *fill*         0x08003c8e        0x2 
 .text.MX_ADC1_Init
                0x08003c90       0x50 Src\adc.o
                0x08003c90                MX_ADC1_Init
 .text.HAL_ADC_MspInit
                0x08003ce0       0x5c Src\adc.o
                0x08003ce0                HAL_ADC_MspInit
 .text.MX_GPIO_Init
                0x08003d3c      0x108 Src\gpio.o
                0x08003d3c                MX_GPIO_Init
 .text.SystemClock_Config
                0x08003e44       0x6e Src\main.o
                0x08003e44                SystemClock_Config
 *fill*         0x08003eb2        0x2 
 .text.startup.main
                0x08003eb4      0x570 Src\main.o
                0x08003eb4                main
 .text.Error_Handler
                0x08004424        0x2 Src\main.o
                0x08004424                Error_Handler
 *fill*         0x08004426        0x2 
 .text.HAL_MspInit
                0x08004428       0x44 Src\stm32f1xx_hal_msp.o
                0x08004428                HAL_MspInit
 .text.NMI_Handler
                0x0800446c        0x2 Src\stm32f1xx_it.o
                0x0800446c                NMI_Handler
 .text.HardFault_Handler
                0x0800446e        0x2 Src\stm32f1xx_it.o
                0x0800446e                HardFault_Handler
 .text.MemManage_Handler
                0x08004470        0x2 Src\stm32f1xx_it.o
                0x08004470                MemManage_Handler
 .text.BusFault_Handler
                0x08004472        0x2 Src\stm32f1xx_it.o
                0x08004472                BusFault_Handler
 .text.UsageFault_Handler
                0x08004474        0x2 Src\stm32f1xx_it.o
                0x08004474                UsageFault_Handler
 .text.SVC_Handler
                0x08004476        0x2 Src\stm32f1xx_it.o
                0x08004476                SVC_Handler
 .text.DebugMon_Handler
                0x08004478        0x2 Src\stm32f1xx_it.o
                0x08004478                DebugMon_Handler
 .text.PendSV_Handler
                0x0800447a        0x2 Src\stm32f1xx_it.o
                0x0800447a                PendSV_Handler
 .text.SysTick_Handler
                0x0800447c        0x4 Src\stm32f1xx_it.o
                0x0800447c                SysTick_Handler
 .text.USB_LP_CAN1_RX0_IRQHandler
                0x08004480        0xc Src\stm32f1xx_it.o
                0x08004480                USB_LP_CAN1_RX0_IRQHandler
 *fill*         0x0800448c        0x4 
 .text.TIM2_IRQHandler
                0x08004490       0xf0 Src\stm32f1xx_it.o
                0x08004490                TIM2_IRQHandler
 .text.SystemInit
                0x08004580       0x4c Src\system_stm32f1xx.o
                0x08004580                SystemInit
 .text.MX_TIM2_Init
                0x080045cc       0x64 Src\tim.o
                0x080045cc                MX_TIM2_Init
 .text.HAL_TIM_Base_MspInit
                0x08004630       0x7c Src\tim.o
                0x08004630                HAL_TIM_Base_MspInit
 .text.HAL_TIM_MspPostInit
                0x080046ac       0x84 Src\tim.o
                0x080046ac                HAL_TIM_MspPostInit
 .text.MX_TIM4_Init
                0x08004730       0xa0 Src\tim.o
                0x08004730                MX_TIM4_Init
 .text.MX_TIM3_Init
                0x080047d0       0xa0 Src\tim.o
                0x080047d0                MX_TIM3_Init
 .text.MX_USART1_UART_Init
                0x08004870       0x38 Src\usart.o
                0x08004870                MX_USART1_UART_Init
 .text.HAL_UART_MspInit
                0x080048a8       0x78 Src\usart.o
                0x080048a8                HAL_UART_MspInit
 .text.MX_USB_DEVICE_Init
                0x08004920       0x38 Src\usb_device.o
                0x08004920                MX_USB_DEVICE_Init
 .text.CDC_DeInit_FS
                0x08004958        0x4 Src\usbd_cdc_if.o
 .text.CDC_Control_FS
                0x0800495c        0x4 Src\usbd_cdc_if.o
 .text.CDC_Receive_FS
                0x08004960       0x44 Src\usbd_cdc_if.o
 .text.CDC_Init_FS
                0x080049a4       0x28 Src\usbd_cdc_if.o
 .text.VCP_retrieveInputData
                0x080049cc       0x4c Src\usbd_cdc_if.o
                0x080049cc                VCP_retrieveInputData
 .text.CDC_Transmit_FS
                0x08004a18       0x2c Src\usbd_cdc_if.o
                0x08004a18                CDC_Transmit_FS
 .text.HAL_PCD_MspInit
                0x08004a44       0x3c Src\usbd_conf.o
                0x08004a44                HAL_PCD_MspInit
 .text.HAL_PCD_SetupStageCallback
                0x08004a80        0xc Src\usbd_conf.o
                0x08004a80                HAL_PCD_SetupStageCallback
 .text.HAL_PCD_DataOutStageCallback
                0x08004a8c       0x10 Src\usbd_conf.o
                0x08004a8c                HAL_PCD_DataOutStageCallback
 .text.HAL_PCD_DataInStageCallback
                0x08004a9c        0xe Src\usbd_conf.o
                0x08004a9c                HAL_PCD_DataInStageCallback
 .text.HAL_PCD_SOFCallback
                0x08004aaa        0x8 Src\usbd_conf.o
                0x08004aaa                HAL_PCD_SOFCallback
 .text.HAL_PCD_ResetCallback
                0x08004ab2       0x1a Src\usbd_conf.o
                0x08004ab2                HAL_PCD_ResetCallback
 .text.HAL_PCD_SuspendCallback
                0x08004acc       0x20 Src\usbd_conf.o
                0x08004acc                HAL_PCD_SuspendCallback
 .text.HAL_PCD_ResumeCallback
                0x08004aec        0x8 Src\usbd_conf.o
                0x08004aec                HAL_PCD_ResumeCallback
 .text.USBD_LL_Init
                0x08004af4       0x84 Src\usbd_conf.o
                0x08004af4                USBD_LL_Init
 .text.USBD_LL_Start
                0x08004b78       0x1c Src\usbd_conf.o
                0x08004b78                USBD_LL_Start
 .text.USBD_LL_OpenEP
                0x08004b94       0x20 Src\usbd_conf.o
                0x08004b94                USBD_LL_OpenEP
 .text.USBD_LL_CloseEP
                0x08004bb4       0x1c Src\usbd_conf.o
                0x08004bb4                USBD_LL_CloseEP
 .text.USBD_LL_StallEP
                0x08004bd0       0x1c Src\usbd_conf.o
                0x08004bd0                USBD_LL_StallEP
 .text.USBD_LL_ClearStallEP
                0x08004bec       0x1c Src\usbd_conf.o
                0x08004bec                USBD_LL_ClearStallEP
 .text.USBD_LL_IsStallEP
                0x08004c08       0x20 Src\usbd_conf.o
                0x08004c08                USBD_LL_IsStallEP
 .text.USBD_LL_SetUSBAddress
                0x08004c28       0x1c Src\usbd_conf.o
                0x08004c28                USBD_LL_SetUSBAddress
 .text.USBD_LL_Transmit
                0x08004c44       0x1c Src\usbd_conf.o
                0x08004c44                USBD_LL_Transmit
 .text.USBD_LL_PrepareReceive
                0x08004c60       0x1c Src\usbd_conf.o
                0x08004c60                USBD_LL_PrepareReceive
 .text.USBD_LL_GetRxDataSize
                0x08004c7c        0xc Src\usbd_conf.o
                0x08004c7c                USBD_LL_GetRxDataSize
 .text.USBD_static_malloc
                0x08004c88        0x8 Src\usbd_conf.o
                0x08004c88                USBD_static_malloc
 .text.USBD_static_free
                0x08004c90        0x2 Src\usbd_conf.o
                0x08004c90                USBD_static_free
 .text.HAL_PCDEx_SetConnectionState
                0x08004c92        0x2 Src\usbd_conf.o
                0x08004c92                HAL_PCDEx_SetConnectionState
 .text.USBD_FS_DeviceDescriptor
                0x08004c94        0xc Src\usbd_desc.o
                0x08004c94                USBD_FS_DeviceDescriptor
 .text.USBD_FS_LangIDStrDescriptor
                0x08004ca0        0xc Src\usbd_desc.o
                0x08004ca0                USBD_FS_LangIDStrDescriptor
 .text.USBD_FS_ManufacturerStrDescriptor
                0x08004cac       0x1c Src\usbd_desc.o
                0x08004cac                USBD_FS_ManufacturerStrDescriptor
 .text.USBD_FS_ProductStrDescriptor
                0x08004cc8       0x1c Src\usbd_desc.o
                0x08004cc8                USBD_FS_ProductStrDescriptor
 .text.USBD_FS_SerialStrDescriptor
                0x08004ce4       0x1c Src\usbd_desc.o
                0x08004ce4                USBD_FS_SerialStrDescriptor
 .text.USBD_FS_ConfigStrDescriptor
                0x08004d00       0x1c Src\usbd_desc.o
                0x08004d00                USBD_FS_ConfigStrDescriptor
 .text.USBD_FS_InterfaceStrDescriptor
                0x08004d1c       0x1c Src\usbd_desc.o
                0x08004d1c                USBD_FS_InterfaceStrDescriptor
 .text.Reset_Handler
                0x08004d38       0x48 startup\startup_stm32f103xb.o
                0x08004d38                Reset_Handler
 .text.Default_Handler
                0x08004d80        0x2 startup\startup_stm32f103xb.o
                0x08004d80                RTC_Alarm_IRQHandler
                0x08004d80                EXTI2_IRQHandler
                0x08004d80                TIM1_CC_IRQHandler
                0x08004d80                PVD_IRQHandler
                0x08004d80                EXTI3_IRQHandler
                0x08004d80                EXTI0_IRQHandler
                0x08004d80                I2C2_EV_IRQHandler
                0x08004d80                ADC1_2_IRQHandler
                0x08004d80                SPI1_IRQHandler
                0x08004d80                TAMPER_IRQHandler
                0x08004d80                DMA1_Channel4_IRQHandler
                0x08004d80                USART3_IRQHandler
                0x08004d80                RTC_IRQHandler
                0x08004d80                DMA1_Channel7_IRQHandler
                0x08004d80                CAN1_RX1_IRQHandler
                0x08004d80                TIM4_IRQHandler
                0x08004d80                I2C1_EV_IRQHandler
                0x08004d80                DMA1_Channel6_IRQHandler
                0x08004d80                TIM3_IRQHandler
                0x08004d80                RCC_IRQHandler
                0x08004d80                TIM1_TRG_COM_IRQHandler
                0x08004d80                DMA1_Channel1_IRQHandler
                0x08004d80                Default_Handler
                0x08004d80                EXTI15_10_IRQHandler
                0x08004d80                EXTI9_5_IRQHandler
                0x08004d80                SPI2_IRQHandler
                0x08004d80                DMA1_Channel5_IRQHandler
                0x08004d80                EXTI4_IRQHandler
                0x08004d80                USB_HP_CAN1_TX_IRQHandler
                0x08004d80                DMA1_Channel3_IRQHandler
                0x08004d80                TIM1_UP_IRQHandler
                0x08004d80                WWDG_IRQHandler
                0x08004d80                TIM1_BRK_IRQHandler
                0x08004d80                EXTI1_IRQHandler
                0x08004d80                USART2_IRQHandler
                0x08004d80                I2C2_ER_IRQHandler
                0x08004d80                DMA1_Channel2_IRQHandler
                0x08004d80                CAN1_SCE_IRQHandler
                0x08004d80                FLASH_IRQHandler
                0x08004d80                USART1_IRQHandler
                0x08004d80                I2C1_ER_IRQHandler
                0x08004d80                USBWakeUp_IRQHandler
 *fill*         0x08004d82        0x2 
 .text.__libc_init_array
                0x08004d84       0x48 c:/program files (x86)/atollic/truestudio for stm32 9.2.0/armtools/bin/../lib/gcc/arm-atollic-eabi/6.3.1/../../../../arm-atollic-eabi/lib/armv7-m\libc_nano.a(lib_a-init.o)
                0x08004d84                __libc_init_array
 .text.memcpy   0x08004dcc       0x16 c:/program files (x86)/atollic/truestudio for stm32 9.2.0/armtools/bin/../lib/gcc/arm-atollic-eabi/6.3.1/../../../../arm-atollic-eabi/lib/armv7-m\libc_nano.a(lib_a-memcpy-stub.o)
                0x08004dcc                memcpy
 .text.memset   0x08004de2       0x10 c:/program files (x86)/atollic/truestudio for stm32 9.2.0/armtools/bin/../lib/gcc/arm-atollic-eabi/6.3.1/../../../../arm-atollic-eabi/lib/armv7-m\libc_nano.a(lib_a-memset.o)
                0x08004de2                memset
 *fill*         0x08004df2        0x2 
 .text.sprintf  0x08004df4       0x48 c:/program files (x86)/atollic/truestudio for stm32 9.2.0/armtools/bin/../lib/gcc/arm-atollic-eabi/6.3.1/../../../../arm-atollic-eabi/lib/armv7-m\libc_nano.a(lib_a-sprintf.o)
                0x08004df4                siprintf
                0x08004df4                sprintf
 .text.__ssputs_r
                0x08004e3c       0xb6 c:/program files (x86)/atollic/truestudio for stm32 9.2.0/armtools/bin/../lib/gcc/arm-atollic-eabi/6.3.1/../../../../arm-atollic-eabi/lib/armv7-m\libc_nano.a(lib_a-nano-svfprintf.o)
                0x08004e3c                __ssputs_r
 *fill*         0x08004ef2        0x2 
 .text._svfprintf_r
                0x08004ef4      0x1e8 c:/program files (x86)/atollic/truestudio for stm32 9.2.0/armtools/bin/../lib/gcc/arm-atollic-eabi/6.3.1/../../../../arm-atollic-eabi/lib/armv7-m\libc_nano.a(lib_a-nano-svfprintf.o)
                0x08004ef4                _svfiprintf_r
                0x08004ef4                _svfprintf_r
 .text._printf_common
                0x080050dc       0xee c:/program files (x86)/atollic/truestudio for stm32 9.2.0/armtools/bin/../lib/gcc/arm-atollic-eabi/6.3.1/../../../../arm-atollic-eabi/lib/armv7-m\libc_nano.a(lib_a-nano-vfprintf_i.o)
                0x080050dc                _printf_common
 *fill*         0x080051ca        0x2 
 .text._printf_i
                0x080051cc      0x240 c:/program files (x86)/atollic/truestudio for stm32 9.2.0/armtools/bin/../lib/gcc/arm-atollic-eabi/6.3.1/../../../../arm-atollic-eabi/lib/armv7-m\libc_nano.a(lib_a-nano-vfprintf_i.o)
                0x080051cc                _printf_i
 .text.memchr   0x0800540c       0x1c c:/program files (x86)/atollic/truestudio for stm32 9.2.0/armtools/bin/../lib/gcc/arm-atollic-eabi/6.3.1/../../../../arm-atollic-eabi/lib/armv7-m\libc_nano.a(lib_a-memchr-stub.o)
                0x0800540c                memchr
 .text.memmove  0x08005428       0x34 c:/program files (x86)/atollic/truestudio for stm32 9.2.0/armtools/bin/../lib/gcc/arm-atollic-eabi/6.3.1/../../../../arm-atollic-eabi/lib/armv7-m\libc_nano.a(lib_a-memmove.o)
                0x08005428                memmove
 .text._free_r  0x0800545c       0x98 c:/program files (x86)/atollic/truestudio for stm32 9.2.0/armtools/bin/../lib/gcc/arm-atollic-eabi/6.3.1/../../../../arm-atollic-eabi/lib/armv7-m\libc_nano.a(lib_a-nano-freer.o)
                0x0800545c                _free_r
 .text._malloc_r
                0x080054f4       0xbc c:/program files (x86)/atollic/truestudio for stm32 9.2.0/armtools/bin/../lib/gcc/arm-atollic-eabi/6.3.1/../../../../arm-atollic-eabi/lib/armv7-m\libc_nano.a(lib_a-nano-mallocr.o)
                0x080054f4                _malloc_r
 .text._realloc_r
                0x080055b0       0x4c c:/program files (x86)/atollic/truestudio for stm32 9.2.0/armtools/bin/../lib/gcc/arm-atollic-eabi/6.3.1/../../../../arm-atollic-eabi/lib/armv7-m\libc_nano.a(lib_a-nano-reallocr.o)
                0x080055b0                _realloc_r
 .text._sbrk_r  0x080055fc       0x20 c:/program files (x86)/atollic/truestudio for stm32 9.2.0/armtools/bin/../lib/gcc/arm-atollic-eabi/6.3.1/../../../../arm-atollic-eabi/lib/armv7-m\libc_nano.a(lib_a-sbrkr.o)
                0x080055fc                _sbrk_r
 .text.__malloc_lock
                0x0800561c        0x2 c:/program files (x86)/atollic/truestudio for stm32 9.2.0/armtools/bin/../lib/gcc/arm-atollic-eabi/6.3.1/../../../../arm-atollic-eabi/lib/armv7-m\libc_nano.a(lib_a-mlock.o)
                0x0800561c                __malloc_lock
 .text.__malloc_unlock
                0x0800561e        0x2 c:/program files (x86)/atollic/truestudio for stm32 9.2.0/armtools/bin/../lib/gcc/arm-atollic-eabi/6.3.1/../../../../arm-atollic-eabi/lib/armv7-m\libc_nano.a(lib_a-mlock.o)
                0x0800561e                __malloc_unlock
 .text._malloc_usable_size_r
                0x08005620       0x12 c:/program files (x86)/atollic/truestudio for stm32 9.2.0/armtools/bin/../lib/gcc/arm-atollic-eabi/6.3.1/../../../../arm-atollic-eabi/lib/armv7-m\libc_nano.a(lib_a-nano-msizer.o)
                0x08005620                _malloc_usable_size_r
 *fill*         0x08005632        0x2 
 .text._sbrk    0x08005634       0x1c c:/program files (x86)/atollic/truestudio for stm32 9.2.0/armtools/bin/../lib/gcc/arm-atollic-eabi/6.3.1/../../../../arm-atollic-eabi/lib/armv7-m\libnosys.a(sbrk.o)
                0x08005634                _sbrk
 *(.glue_7)
 .glue_7        0x08005650        0x0 linker stubs
 *(.glue_7t)
 .glue_7t       0x08005650        0x0 linker stubs
 *(.eh_frame)
 .eh_frame      0x08005650        0x0 c:/program files (x86)/atollic/truestudio for stm32 9.2.0/armtools/bin/../lib/gcc/arm-atollic-eabi/6.3.1/armv7-m/crtbegin.o
 *(.init)
 .init          0x08005650        0x4 c:/program files (x86)/atollic/truestudio for stm32 9.2.0/armtools/bin/../lib/gcc/arm-atollic-eabi/6.3.1/armv7-m/crti.o
                0x08005650                _init
 .init          0x08005654        0x8 c:/program files (x86)/atollic/truestudio for stm32 9.2.0/armtools/bin/../lib/gcc/arm-atollic-eabi/6.3.1/armv7-m/crtn.o
 *(.fini)
 .fini          0x0800565c        0x4 c:/program files (x86)/atollic/truestudio for stm32 9.2.0/armtools/bin/../lib/gcc/arm-atollic-eabi/6.3.1/armv7-m/crti.o
                0x0800565c                _fini
 .fini          0x08005660        0x8 c:/program files (x86)/atollic/truestudio for stm32 9.2.0/armtools/bin/../lib/gcc/arm-atollic-eabi/6.3.1/armv7-m/crtn.o
                0x08005668                . = ALIGN (0x4)
                0x08005668                _etext = .

.vfp11_veneer   0x08005668        0x0
 .vfp11_veneer  0x08005668        0x0 linker stubs

.v4_bx          0x08005668        0x0
 .v4_bx         0x08005668        0x0 linker stubs

.iplt           0x08005668        0x0
 .iplt          0x08005668        0x0 c:/program files (x86)/atollic/truestudio for stm32 9.2.0/armtools/bin/../lib/gcc/arm-atollic-eabi/6.3.1/armv7-m/crtbegin.o

.rodata         0x08005668       0xc4
                0x08005668                . = ALIGN (0x4)
 *(.rodata)
 .rodata        0x08005668       0x10 Drivers\STM32F1xx_HAL_Driver\Src\stm32f1xx_hal_rcc.o
 .rodata        0x08005678       0x10 Drivers\STM32F1xx_HAL_Driver\Src\stm32f1xx_hal_rcc_ex.o
 *(.rodata*)
 .rodata.main.str1.1
                0x08005688        0x5 Src\main.o
 .rodata.AHBPrescTable
                0x0800568d       0x10 Src\system_stm32f1xx.o
                0x0800568d                AHBPrescTable
 .rodata.APBPrescTable
                0x0800569d        0x8 Src\system_stm32f1xx.o
                0x0800569d                APBPrescTable
 .rodata.CSWTCH.39
                0x080056a5        0x4 Src\usbd_conf.o
 .rodata.USBD_FS_ConfigStrDescriptor.str1.1
                0x080056a9        0xb Src\usbd_desc.o
 .rodata.USBD_FS_InterfaceStrDescriptor.str1.1
                0x080056b4        0xe Src\usbd_desc.o
 .rodata.USBD_FS_ManufacturerStrDescriptor.str1.1
                0x080056c2       0x13 Src\usbd_desc.o
 .rodata.USBD_FS_ProductStrDescriptor.str1.1
                0x080056d5       0x16 Src\usbd_desc.o
 .rodata.USBD_FS_SerialStrDescriptor.str1.1
                0x080056eb        0xd Src\usbd_desc.o
 .rodata._svfprintf_r.str1.1
                0x080056f8       0x11 c:/program files (x86)/atollic/truestudio for stm32 9.2.0/armtools/bin/../lib/gcc/arm-atollic-eabi/6.3.1/../../../../arm-atollic-eabi/lib/armv7-m\libc_nano.a(lib_a-nano-svfprintf.o)
 .rodata._printf_i.str1.1
                0x08005709       0x22 c:/program files (x86)/atollic/truestudio for stm32 9.2.0/armtools/bin/../lib/gcc/arm-atollic-eabi/6.3.1/../../../../arm-atollic-eabi/lib/armv7-m\libc_nano.a(lib_a-nano-vfprintf_i.o)
                0x0800572c                . = ALIGN (0x4)
 *fill*         0x0800572b        0x1 

.rel.dyn        0x0800572c        0x0
 .rel.iplt      0x0800572c        0x0 c:/program files (x86)/atollic/truestudio for stm32 9.2.0/armtools/bin/../lib/gcc/arm-atollic-eabi/6.3.1/armv7-m/crtbegin.o

.ARM.extab
 *(.ARM.extab* .gnu.linkonce.armextab.*)

.ARM            0x0800572c        0x0
                0x0800572c                __exidx_start = .
 *(.ARM.exidx*)
                0x0800572c                __exidx_end = .

.preinit_array  0x0800572c        0x0
                0x0800572c                PROVIDE (__preinit_array_start, .)
 *(.preinit_array*)
                0x0800572c                PROVIDE (__preinit_array_end, .)

.init_array     0x0800572c        0x4
                0x0800572c                PROVIDE (__init_array_start, .)
 *(SORT(.init_array.*))
 *(.init_array*)
 .init_array    0x0800572c        0x4 c:/program files (x86)/atollic/truestudio for stm32 9.2.0/armtools/bin/../lib/gcc/arm-atollic-eabi/6.3.1/armv7-m/crtbegin.o
                0x08005730                PROVIDE (__init_array_end, .)

.fini_array     0x08005730        0x4
                [!provide]                PROVIDE (__fini_array_start, .)
 *(SORT(.fini_array.*))
 *(.fini_array*)
 .fini_array    0x08005730        0x4 c:/program files (x86)/atollic/truestudio for stm32 9.2.0/armtools/bin/../lib/gcc/arm-atollic-eabi/6.3.1/armv7-m/crtbegin.o
                [!provide]                PROVIDE (__fini_array_end, .)
                0x08005734                _sidata = LOADADDR (.data)

.data           0x20000000      0x1c4 load address 0x08005734
                0x20000000                . = ALIGN (0x4)
                0x20000000                _sdata = .
 *(.data)
 *(.data*)
 .data.uwTickFreq
                0x20000000        0x1 Drivers\STM32F1xx_HAL_Driver\Src\stm32f1xx_hal.o
                0x20000000                uwTickFreq
 *fill*         0x20000001        0x3 
 .data.uwTickPrio
                0x20000004        0x4 Drivers\STM32F1xx_HAL_Driver\Src\stm32f1xx_hal.o
                0x20000004                uwTickPrio
 .data.USBD_CDC
                0x20000008       0x38 Middlewares\ST\STM32_USB_Device_Library\Class\CDC\Src\usbd_cdc.o
                0x20000008                USBD_CDC
 .data.USBD_CDC_CfgFSDesc
                0x20000040       0x43 Middlewares\ST\STM32_USB_Device_Library\Class\CDC\Src\usbd_cdc.o
                0x20000040                USBD_CDC_CfgFSDesc
 *fill*         0x20000083        0x1 
 .data.USBD_CDC_CfgHSDesc
                0x20000084       0x43 Middlewares\ST\STM32_USB_Device_Library\Class\CDC\Src\usbd_cdc.o
                0x20000084                USBD_CDC_CfgHSDesc
 *fill*         0x200000c7        0x1 
 .data.USBD_CDC_DeviceQualifierDesc
                0x200000c8        0xa Middlewares\ST\STM32_USB_Device_Library\Class\CDC\Src\usbd_cdc.o
 *fill*         0x200000d2        0x2 
 .data.USBD_CDC_OtherSpeedCfgDesc
                0x200000d4       0x43 Middlewares\ST\STM32_USB_Device_Library\Class\CDC\Src\usbd_cdc.o
                0x200000d4                USBD_CDC_OtherSpeedCfgDesc
 .data.State_measure
                0x20000117        0x1 Src\stm32f1xx_it.o
                0x20000117                State_measure
 .data.SystemCoreClock
                0x20000118        0x4 Src\system_stm32f1xx.o
                0x20000118                SystemCoreClock
 .data.USBD_Interface_fops_FS
                0x2000011c       0x10 Src\usbd_cdc_if.o
                0x2000011c                USBD_Interface_fops_FS
 .data.FS_Desc  0x2000012c       0x1c Src\usbd_desc.o
                0x2000012c                FS_Desc
 .data.USBD_FS_DeviceDesc
                0x20000148       0x12 Src\usbd_desc.o
                0x20000148                USBD_FS_DeviceDesc
 *fill*         0x2000015a        0x2 
 .data.USBD_LangIDDesc
                0x2000015c        0x4 Src\usbd_desc.o
                0x2000015c                USBD_LangIDDesc
 .data._impure_ptr
                0x20000160        0x4 c:/program files (x86)/atollic/truestudio for stm32 9.2.0/armtools/bin/../lib/gcc/arm-atollic-eabi/6.3.1/../../../../arm-atollic-eabi/lib/armv7-m\libc_nano.a(lib_a-impure.o)
                0x20000160                _impure_ptr
 .data.impure_data
                0x20000164       0x60 c:/program files (x86)/atollic/truestudio for stm32 9.2.0/armtools/bin/../lib/gcc/arm-atollic-eabi/6.3.1/../../../../arm-atollic-eabi/lib/armv7-m\libc_nano.a(lib_a-impure.o)
                0x200001c4                . = ALIGN (0x4)
                0x200001c4                _edata = .

.igot.plt       0x200001c4        0x0 load address 0x080058f8
 .igot.plt      0x200001c4        0x0 c:/program files (x86)/atollic/truestudio for stm32 9.2.0/armtools/bin/../lib/gcc/arm-atollic-eabi/6.3.1/armv7-m/crtbegin.o
                0x200001c4                . = ALIGN (0x4)

.bss            0x200001c4     0x3b08 load address 0x080058f8
                0x200001c4                _sbss = .
                0x200001c4                __bss_start__ = _sbss
 *(.bss)
 .bss           0x200001c4       0x1c c:/program files (x86)/atollic/truestudio for stm32 9.2.0/armtools/bin/../lib/gcc/arm-atollic-eabi/6.3.1/armv7-m/crtbegin.o
 *(.bss*)
 .bss.ifalt.8233
                0x200001e0        0x1 Middlewares\ST\STM32_USB_Device_Library\Class\CDC\Src\usbd_cdc.o
 .bss.cfgidx.8238
                0x200001e1        0x1 Middlewares\ST\STM32_USB_Device_Library\Core\Src\usbd_ctlreq.o
 *fill*         0x200001e2        0x2 
 .bss.Medicion  0x200001e4        0x4 Src\stm32f1xx_it.o
                0x200001e4                Medicion
 .bss.Medicion_d
                0x200001e8        0x4 Src\stm32f1xx_it.o
                0x200001e8                Medicion_d
 .bss.count     0x200001ec        0x4 Src\stm32f1xx_it.o
                0x200001ec                count
 .bss.s_RxBuffers
                0x200001f0     0x2724 Src\usbd_cdc_if.o
 .bss.mem.8391  0x20002914      0x220 Src\usbd_conf.o
 .bss.__malloc_free_list
                0x20002b34        0x4 c:/program files (x86)/atollic/truestudio for stm32 9.2.0/armtools/bin/../lib/gcc/arm-atollic-eabi/6.3.1/../../../../arm-atollic-eabi/lib/armv7-m\libc_nano.a(lib_a-nano-mallocr.o)
                0x20002b34                __malloc_free_list
 .bss.__malloc_sbrk_start
                0x20002b38        0x4 c:/program files (x86)/atollic/truestudio for stm32 9.2.0/armtools/bin/../lib/gcc/arm-atollic-eabi/6.3.1/../../../../arm-atollic-eabi/lib/armv7-m\libc_nano.a(lib_a-nano-mallocr.o)
                0x20002b38                __malloc_sbrk_start
 .bss.heap_end.4116
                0x20002b3c        0x4 c:/program files (x86)/atollic/truestudio for stm32 9.2.0/armtools/bin/../lib/gcc/arm-atollic-eabi/6.3.1/../../../../arm-atollic-eabi/lib/armv7-m\libnosys.a(sbrk.o)
 *(COMMON)
 COMMON         0x20002b40        0x4 Drivers\STM32F1xx_HAL_Driver\Src\stm32f1xx_hal.o
                0x20002b40                uwTick
 COMMON         0x20002b44       0x30 Src\adc.o
                0x20002b44                hadc1
 COMMON         0x20002b74       0xc0 Src\tim.o
                0x20002b74                htim4
                0x20002bb4                htim3
                0x20002bf4                htim2
 COMMON         0x20002c34       0x40 Src\usart.o
                0x20002c34                huart1
 COMMON         0x20002c74      0x224 Src\usb_device.o
                0x20002c74                hUsbDeviceFS
 COMMON         0x20002e98      0x7d0 Src\usbd_cdc_if.o
                0x20002e98                UserRxBufferFS
                0x20003280                UserTxBufferFS
 COMMON         0x20003668      0x460 Src\usbd_conf.o
                0x20003668                hpcd_USB_FS
 COMMON         0x20003ac8      0x200 Src\usbd_desc.o
                0x20003ac8                USBD_StrDesc
 COMMON         0x20003cc8        0x4 c:/program files (x86)/atollic/truestudio for stm32 9.2.0/armtools/bin/../lib/gcc/arm-atollic-eabi/6.3.1/../../../../arm-atollic-eabi/lib/armv7-m\libc_nano.a(lib_a-reent.o)
                0x20003cc8                errno
                0x20003ccc                . = ALIGN (0x4)
                0x20003ccc                _ebss = .
                0x20003ccc                __bss_end__ = _ebss

._user_heap_stack
                0x20003ccc      0x600 load address 0x080058f8
                0x20003ccc                . = ALIGN (0x4)
                0x20003ccc                PROVIDE (end, .)
                [!provide]                PROVIDE (_end, .)
                0x20003ecc                . = (. + _Min_Heap_Size)
 *fill*         0x20003ccc      0x200 
                0x200042cc                . = (. + _Min_Stack_Size)
 *fill*         0x20003ecc      0x400 
                0x200042cc                . = ALIGN (0x4)

/DISCARD/
 libc.a(*)
 libm.a(*)
 libgcc.a(*)

.ARM.attributes
                0x00000000       0x29
 *(.ARM.attributes)
 .ARM.attributes
                0x00000000       0x1d c:/program files (x86)/atollic/truestudio for stm32 9.2.0/armtools/bin/../lib/gcc/arm-atollic-eabi/6.3.1/armv7-m/crti.o
 .ARM.attributes
                0x0000001d       0x2d c:/program files (x86)/atollic/truestudio for stm32 9.2.0/armtools/bin/../lib/gcc/arm-atollic-eabi/6.3.1/armv7-m/crtbegin.o
 .ARM.attributes
                0x0000004a       0x33 Drivers\STM32F1xx_HAL_Driver\Src\stm32f1xx_hal.o
 .ARM.attributes
                0x0000007d       0x33 Drivers\STM32F1xx_HAL_Driver\Src\stm32f1xx_hal_adc.o
 .ARM.attributes
                0x000000b0       0x33 Drivers\STM32F1xx_HAL_Driver\Src\stm32f1xx_hal_cortex.o
 .ARM.attributes
                0x000000e3       0x33 Drivers\STM32F1xx_HAL_Driver\Src\stm32f1xx_hal_gpio.o
 .ARM.attributes
                0x00000116       0x33 Drivers\STM32F1xx_HAL_Driver\Src\stm32f1xx_hal_pcd.o
 .ARM.attributes
                0x00000149       0x33 Drivers\STM32F1xx_HAL_Driver\Src\stm32f1xx_hal_pcd_ex.o
 .ARM.attributes
                0x0000017c       0x33 Drivers\STM32F1xx_HAL_Driver\Src\stm32f1xx_hal_rcc.o
 .ARM.attributes
                0x000001af       0x33 Drivers\STM32F1xx_HAL_Driver\Src\stm32f1xx_hal_rcc_ex.o
 .ARM.attributes
                0x000001e2       0x33 Drivers\STM32F1xx_HAL_Driver\Src\stm32f1xx_hal_tim.o
 .ARM.attributes
                0x00000215       0x33 Drivers\STM32F1xx_HAL_Driver\Src\stm32f1xx_hal_tim_ex.o
 .ARM.attributes
                0x00000248       0x33 Drivers\STM32F1xx_HAL_Driver\Src\stm32f1xx_hal_uart.o
 .ARM.attributes
                0x0000027b       0x33 Drivers\STM32F1xx_HAL_Driver\Src\stm32f1xx_ll_usb.o
 .ARM.attributes
                0x000002ae       0x33 Middlewares\ST\STM32_USB_Device_Library\Class\CDC\Src\usbd_cdc.o
 .ARM.attributes
                0x000002e1       0x33 Middlewares\ST\STM32_USB_Device_Library\Core\Src\usbd_core.o
 .ARM.attributes
                0x00000314       0x33 Middlewares\ST\STM32_USB_Device_Library\Core\Src\usbd_ctlreq.o
 .ARM.attributes
                0x00000347       0x33 Middlewares\ST\STM32_USB_Device_Library\Core\Src\usbd_ioreq.o
 .ARM.attributes
                0x0000037a       0x33 Src\HAL_STM32_ADC.o
 .ARM.attributes
                0x000003ad       0x33 Src\HAL_STM32_CONTROL.o
 .ARM.attributes
                0x000003e0       0x33 Src\HAL_STM32_PWM.o
 .ARM.attributes
                0x00000413       0x33 Src\HAL_STM32_SERVO.o
 .ARM.attributes
                0x00000446       0x33 Src\HAL_STM32_UART.o
 .ARM.attributes
                0x00000479       0x33 Src\HAL_STM32_USB.o
 .ARM.attributes
                0x000004ac       0x33 Src\adc.o
 .ARM.attributes
                0x000004df       0x33 Src\gpio.o
 .ARM.attributes
                0x00000512       0x33 Src\main.o
 .ARM.attributes
                0x00000545       0x33 Src\stm32f1xx_hal_msp.o
 .ARM.attributes
                0x00000578       0x33 Src\stm32f1xx_it.o
 .ARM.attributes
                0x000005ab       0x33 Src\system_stm32f1xx.o
 .ARM.attributes
                0x000005de       0x33 Src\tim.o
 .ARM.attributes
                0x00000611       0x33 Src\usart.o
 .ARM.attributes
                0x00000644       0x33 Src\usb_device.o
 .ARM.attributes
                0x00000677       0x33 Src\usbd_cdc_if.o
 .ARM.attributes
                0x000006aa       0x33 Src\usbd_conf.o
 .ARM.attributes
                0x000006dd       0x33 Src\usbd_desc.o
 .ARM.attributes
                0x00000710       0x21 startup\startup_stm32f103xb.o
 .ARM.attributes
                0x00000731       0x2d c:/program files (x86)/atollic/truestudio for stm32 9.2.0/armtools/bin/../lib/gcc/arm-atollic-eabi/6.3.1/../../../../arm-atollic-eabi/lib/armv7-m\libc_nano.a(lib_a-init.o)
 .ARM.attributes
                0x0000075e       0x2d c:/program files (x86)/atollic/truestudio for stm32 9.2.0/armtools/bin/../lib/gcc/arm-atollic-eabi/6.3.1/../../../../arm-atollic-eabi/lib/armv7-m\libc_nano.a(lib_a-memcpy-stub.o)
 .ARM.attributes
                0x0000078b       0x2d c:/program files (x86)/atollic/truestudio for stm32 9.2.0/armtools/bin/../lib/gcc/arm-atollic-eabi/6.3.1/../../../../arm-atollic-eabi/lib/armv7-m\libc_nano.a(lib_a-memset.o)
 .ARM.attributes
                0x000007b8       0x2d c:/program files (x86)/atollic/truestudio for stm32 9.2.0/armtools/bin/../lib/gcc/arm-atollic-eabi/6.3.1/../../../../arm-atollic-eabi/lib/armv7-m\libc_nano.a(lib_a-sprintf.o)
 .ARM.attributes
                0x000007e5       0x2d c:/program files (x86)/atollic/truestudio for stm32 9.2.0/armtools/bin/../lib/gcc/arm-atollic-eabi/6.3.1/../../../../arm-atollic-eabi/lib/armv7-m\libc_nano.a(lib_a-impure.o)
 .ARM.attributes
                0x00000812       0x2d c:/program files (x86)/atollic/truestudio for stm32 9.2.0/armtools/bin/../lib/gcc/arm-atollic-eabi/6.3.1/../../../../arm-atollic-eabi/lib/armv7-m\libc_nano.a(lib_a-nano-svfprintf.o)
 .ARM.attributes
                0x0000083f       0x2d c:/program files (x86)/atollic/truestudio for stm32 9.2.0/armtools/bin/../lib/gcc/arm-atollic-eabi/6.3.1/../../../../arm-atollic-eabi/lib/armv7-m\libc_nano.a(lib_a-nano-vfprintf_i.o)
 .ARM.attributes
                0x0000086c       0x2d c:/program files (x86)/atollic/truestudio for stm32 9.2.0/armtools/bin/../lib/gcc/arm-atollic-eabi/6.3.1/../../../../arm-atollic-eabi/lib/armv7-m\libc_nano.a(lib_a-memchr-stub.o)
 .ARM.attributes
                0x00000899       0x2d c:/program files (x86)/atollic/truestudio for stm32 9.2.0/armtools/bin/../lib/gcc/arm-atollic-eabi/6.3.1/../../../../arm-atollic-eabi/lib/armv7-m\libc_nano.a(lib_a-memmove.o)
 .ARM.attributes
                0x000008c6       0x2d c:/program files (x86)/atollic/truestudio for stm32 9.2.0/armtools/bin/../lib/gcc/arm-atollic-eabi/6.3.1/../../../../arm-atollic-eabi/lib/armv7-m\libc_nano.a(lib_a-nano-freer.o)
 .ARM.attributes
                0x000008f3       0x2d c:/program files (x86)/atollic/truestudio for stm32 9.2.0/armtools/bin/../lib/gcc/arm-atollic-eabi/6.3.1/../../../../arm-atollic-eabi/lib/armv7-m\libc_nano.a(lib_a-nano-mallocr.o)
 .ARM.attributes
                0x00000920       0x2d c:/program files (x86)/atollic/truestudio for stm32 9.2.0/armtools/bin/../lib/gcc/arm-atollic-eabi/6.3.1/../../../../arm-atollic-eabi/lib/armv7-m\libc_nano.a(lib_a-nano-reallocr.o)
 .ARM.attributes
                0x0000094d       0x2d c:/program files (x86)/atollic/truestudio for stm32 9.2.0/armtools/bin/../lib/gcc/arm-atollic-eabi/6.3.1/../../../../arm-atollic-eabi/lib/armv7-m\libc_nano.a(lib_a-sbrkr.o)
 .ARM.attributes
                0x0000097a       0x2d c:/program files (x86)/atollic/truestudio for stm32 9.2.0/armtools/bin/../lib/gcc/arm-atollic-eabi/6.3.1/../../../../arm-atollic-eabi/lib/armv7-m\libc_nano.a(lib_a-mlock.o)
 .ARM.attributes
                0x000009a7       0x2d c:/program files (x86)/atollic/truestudio for stm32 9.2.0/armtools/bin/../lib/gcc/arm-atollic-eabi/6.3.1/../../../../arm-atollic-eabi/lib/armv7-m\libc_nano.a(lib_a-nano-msizer.o)
 .ARM.attributes
                0x000009d4       0x2d c:/program files (x86)/atollic/truestudio for stm32 9.2.0/armtools/bin/../lib/gcc/arm-atollic-eabi/6.3.1/../../../../arm-atollic-eabi/lib/armv7-m\libc_nano.a(lib_a-reent.o)
 .ARM.attributes
                0x00000a01       0x1d c:/program files (x86)/atollic/truestudio for stm32 9.2.0/armtools/bin/../lib/gcc/arm-atollic-eabi/6.3.1/armv7-m\libgcc.a(_arm_addsubdf3.o)
 .ARM.attributes
                0x00000a1e       0x1d c:/program files (x86)/atollic/truestudio for stm32 9.2.0/armtools/bin/../lib/gcc/arm-atollic-eabi/6.3.1/armv7-m\libgcc.a(_arm_muldivdf3.o)
 .ARM.attributes
                0x00000a3b       0x1d c:/program files (x86)/atollic/truestudio for stm32 9.2.0/armtools/bin/../lib/gcc/arm-atollic-eabi/6.3.1/armv7-m\libgcc.a(_arm_truncdfsf2.o)
 .ARM.attributes
                0x00000a58       0x1d c:/program files (x86)/atollic/truestudio for stm32 9.2.0/armtools/bin/../lib/gcc/arm-atollic-eabi/6.3.1/armv7-m\libgcc.a(_arm_addsubsf3.o)
 .ARM.attributes
                0x00000a75       0x1d c:/program files (x86)/atollic/truestudio for stm32 9.2.0/armtools/bin/../lib/gcc/arm-atollic-eabi/6.3.1/armv7-m\libgcc.a(_arm_fixsfsi.o)
 .ARM.attributes
                0x00000a92       0x2d c:/program files (x86)/atollic/truestudio for stm32 9.2.0/armtools/bin/../lib/gcc/arm-atollic-eabi/6.3.1/../../../../arm-atollic-eabi/lib/armv7-m\libnosys.a(sbrk.o)
 .ARM.attributes
                0x00000abf       0x1d c:/program files (x86)/atollic/truestudio for stm32 9.2.0/armtools/bin/../lib/gcc/arm-atollic-eabi/6.3.1/armv7-m/crtn.o
OUTPUT(STM32_C103_USB.elf elf32-littlearm)

.debug_info     0x00000000    0x2ac5b
 .debug_info    0x00000000      0xfc8 Drivers\STM32F1xx_HAL_Driver\Src\stm32f1xx_hal.o
 .debug_info    0x00000fc8     0x16a1 Drivers\STM32F1xx_HAL_Driver\Src\stm32f1xx_hal_adc.o
 .debug_info    0x00002669     0x14a9 Drivers\STM32F1xx_HAL_Driver\Src\stm32f1xx_hal_cortex.o
 .debug_info    0x00003b12      0xec2 Drivers\STM32F1xx_HAL_Driver\Src\stm32f1xx_hal_gpio.o
 .debug_info    0x000049d4     0x19bf Drivers\STM32F1xx_HAL_Driver\Src\stm32f1xx_hal_pcd.o
 .debug_info    0x00006393      0xe43 Drivers\STM32F1xx_HAL_Driver\Src\stm32f1xx_hal_pcd_ex.o
 .debug_info    0x000071d6     0x123d Drivers\STM32F1xx_HAL_Driver\Src\stm32f1xx_hal_rcc.o
 .debug_info    0x00008413      0xc9d Drivers\STM32F1xx_HAL_Driver\Src\stm32f1xx_hal_rcc_ex.o
 .debug_info    0x000090b0     0x3bb9 Drivers\STM32F1xx_HAL_Driver\Src\stm32f1xx_hal_tim.o
 .debug_info    0x0000cc69     0x1989 Drivers\STM32F1xx_HAL_Driver\Src\stm32f1xx_hal_tim_ex.o
 .debug_info    0x0000e5f2     0x1e46 Drivers\STM32F1xx_HAL_Driver\Src\stm32f1xx_hal_uart.o
 .debug_info    0x00010438     0x1746 Drivers\STM32F1xx_HAL_Driver\Src\stm32f1xx_ll_usb.o
 .debug_info    0x00011b7e     0x153c Middlewares\ST\STM32_USB_Device_Library\Class\CDC\Src\usbd_cdc.o
 .debug_info    0x000130ba     0x14ac Middlewares\ST\STM32_USB_Device_Library\Core\Src\usbd_core.o
 .debug_info    0x00014566     0x14df Middlewares\ST\STM32_USB_Device_Library\Core\Src\usbd_ctlreq.o
 .debug_info    0x00015a45     0x100b Middlewares\ST\STM32_USB_Device_Library\Core\Src\usbd_ioreq.o
 .debug_info    0x00016a50      0xe52 Src\HAL_STM32_ADC.o
 .debug_info    0x000178a2     0x183b Src\HAL_STM32_CONTROL.o
 .debug_info    0x000190dd      0xe7a Src\HAL_STM32_PWM.o
 .debug_info    0x00019f57      0xe7a Src\HAL_STM32_SERVO.o
 .debug_info    0x0001add1      0xe2b Src\HAL_STM32_UART.o
 .debug_info    0x0001bbfc      0xedb Src\HAL_STM32_USB.o
 .debug_info    0x0001cad7     0x10ca Src\adc.o
 .debug_info    0x0001dba1      0xc97 Src\gpio.o
 .debug_info    0x0001e838     0x213b Src\main.o
 .debug_info    0x00020973      0xad2 Src\stm32f1xx_hal_msp.o
 .debug_info    0x00021445     0x14ad Src\stm32f1xx_it.o
 .debug_info    0x000228f2      0xc4d Src\system_stm32f1xx.o
 .debug_info    0x0002353f     0x1739 Src\tim.o
 .debug_info    0x00024c78     0x107d Src\usart.o
 .debug_info    0x00025cf5      0xebf Src\usb_device.o
 .debug_info    0x00026bb4     0x11a7 Src\usbd_cdc_if.o
 .debug_info    0x00027d5b     0x2091 Src\usbd_conf.o
 .debug_info    0x00029dec      0xdc0 Src\usbd_desc.o
 .debug_info    0x0002abac       0xaf startup\startup_stm32f103xb.o

.debug_abbrev   0x00000000     0x58af
 .debug_abbrev  0x00000000      0x315 Drivers\STM32F1xx_HAL_Driver\Src\stm32f1xx_hal.o
 .debug_abbrev  0x00000315      0x2fb Drivers\STM32F1xx_HAL_Driver\Src\stm32f1xx_hal_adc.o
 .debug_abbrev  0x00000610      0x399 Drivers\STM32F1xx_HAL_Driver\Src\stm32f1xx_hal_cortex.o
 .debug_abbrev  0x000009a9      0x268 Drivers\STM32F1xx_HAL_Driver\Src\stm32f1xx_hal_gpio.o
 .debug_abbrev  0x00000c11      0x39a Drivers\STM32F1xx_HAL_Driver\Src\stm32f1xx_hal_pcd.o
 .debug_abbrev  0x00000fab      0x1f5 Drivers\STM32F1xx_HAL_Driver\Src\stm32f1xx_hal_pcd_ex.o
 .debug_abbrev  0x000011a0      0x367 Drivers\STM32F1xx_HAL_Driver\Src\stm32f1xx_hal_rcc.o
 .debug_abbrev  0x00001507      0x277 Drivers\STM32F1xx_HAL_Driver\Src\stm32f1xx_hal_rcc_ex.o
 .debug_abbrev  0x0000177e      0x3bb Drivers\STM32F1xx_HAL_Driver\Src\stm32f1xx_hal_tim.o
 .debug_abbrev  0x00001b39      0x30d Drivers\STM32F1xx_HAL_Driver\Src\stm32f1xx_hal_tim_ex.o
 .debug_abbrev  0x00001e46      0x364 Drivers\STM32F1xx_HAL_Driver\Src\stm32f1xx_hal_uart.o
 .debug_abbrev  0x000021aa      0x31c Drivers\STM32F1xx_HAL_Driver\Src\stm32f1xx_ll_usb.o
 .debug_abbrev  0x000024c6      0x2e8 Middlewares\ST\STM32_USB_Device_Library\Class\CDC\Src\usbd_cdc.o
 .debug_abbrev  0x000027ae      0x308 Middlewares\ST\STM32_USB_Device_Library\Core\Src\usbd_core.o
 .debug_abbrev  0x00002ab6      0x3aa Middlewares\ST\STM32_USB_Device_Library\Core\Src\usbd_ctlreq.o
 .debug_abbrev  0x00002e60      0x1da Middlewares\ST\STM32_USB_Device_Library\Core\Src\usbd_ioreq.o
 .debug_abbrev  0x0000303a      0x214 Src\HAL_STM32_ADC.o
 .debug_abbrev  0x0000324e      0x231 Src\HAL_STM32_CONTROL.o
 .debug_abbrev  0x0000347f      0x201 Src\HAL_STM32_PWM.o
 .debug_abbrev  0x00003680      0x201 Src\HAL_STM32_SERVO.o
 .debug_abbrev  0x00003881      0x207 Src\HAL_STM32_UART.o
 .debug_abbrev  0x00003a88      0x20a Src\HAL_STM32_USB.o
 .debug_abbrev  0x00003c92      0x24a Src\adc.o
 .debug_abbrev  0x00003edc      0x1f9 Src\gpio.o
 .debug_abbrev  0x000040d5      0x2a8 Src\main.o
 .debug_abbrev  0x0000437d      0x1bc Src\stm32f1xx_hal_msp.o
 .debug_abbrev  0x00004539      0x293 Src\stm32f1xx_it.o
 .debug_abbrev  0x000047cc      0x1eb Src\system_stm32f1xx.o
 .debug_abbrev  0x000049b7      0x262 Src\tim.o
 .debug_abbrev  0x00004c19      0x24d Src\usart.o
 .debug_abbrev  0x00004e66      0x1e4 Src\usb_device.o
 .debug_abbrev  0x0000504a      0x2ee Src\usbd_cdc_if.o
 .debug_abbrev  0x00005338      0x2ea Src\usbd_conf.o
 .debug_abbrev  0x00005622      0x27b Src\usbd_desc.o
 .debug_abbrev  0x0000589d       0x12 startup\startup_stm32f103xb.o

.debug_loc      0x00000000     0xa290
 .debug_loc     0x00000000      0x11b Drivers\STM32F1xx_HAL_Driver\Src\stm32f1xx_hal.o
 .debug_loc     0x0000011b      0x873 Drivers\STM32F1xx_HAL_Driver\Src\stm32f1xx_hal_adc.o
 .debug_loc     0x0000098e      0x46b Drivers\STM32F1xx_HAL_Driver\Src\stm32f1xx_hal_cortex.o
 .debug_loc     0x00000df9      0x36a Drivers\STM32F1xx_HAL_Driver\Src\stm32f1xx_hal_gpio.o
 .debug_loc     0x00001163      0x995 Drivers\STM32F1xx_HAL_Driver\Src\stm32f1xx_hal_pcd.o
 .debug_loc     0x00001af8       0xe0 Drivers\STM32F1xx_HAL_Driver\Src\stm32f1xx_hal_pcd_ex.o
 .debug_loc     0x00001bd8      0x4c3 Drivers\STM32F1xx_HAL_Driver\Src\stm32f1xx_hal_rcc.o
 .debug_loc     0x0000209b      0x29d Drivers\STM32F1xx_HAL_Driver\Src\stm32f1xx_hal_rcc_ex.o
 .debug_loc     0x00002338     0x300c Drivers\STM32F1xx_HAL_Driver\Src\stm32f1xx_hal_tim.o
 .debug_loc     0x00005344      0x822 Drivers\STM32F1xx_HAL_Driver\Src\stm32f1xx_hal_tim_ex.o
 .debug_loc     0x00005b66     0x1311 Drivers\STM32F1xx_HAL_Driver\Src\stm32f1xx_hal_uart.o
 .debug_loc     0x00006e77      0xb9c Drivers\STM32F1xx_HAL_Driver\Src\stm32f1xx_ll_usb.o
 .debug_loc     0x00007a13      0x4cf Middlewares\ST\STM32_USB_Device_Library\Class\CDC\Src\usbd_cdc.o
 .debug_loc     0x00007ee2      0x5f2 Middlewares\ST\STM32_USB_Device_Library\Core\Src\usbd_core.o
 .debug_loc     0x000084d4      0x7cd Middlewares\ST\STM32_USB_Device_Library\Core\Src\usbd_ctlreq.o
 .debug_loc     0x00008ca1      0x23c Middlewares\ST\STM32_USB_Device_Library\Core\Src\usbd_ioreq.o
 .debug_loc     0x00008edd       0x2c Src\HAL_STM32_ADC.o
 .debug_loc     0x00008f09      0x121 Src\HAL_STM32_CONTROL.o
 .debug_loc     0x0000902a       0x79 Src\HAL_STM32_UART.o
 .debug_loc     0x000090a3       0x84 Src\HAL_STM32_USB.o
 .debug_loc     0x00009127       0x58 Src\adc.o
 .debug_loc     0x0000917f      0x1f4 Src\main.o
 .debug_loc     0x00009373       0xcd Src\system_stm32f1xx.o
 .debug_loc     0x00009440       0x92 Src\tim.o
 .debug_loc     0x000094d2       0x58 Src\usart.o
 .debug_loc     0x0000952a      0x18e Src\usbd_cdc_if.o
 .debug_loc     0x000096b8      0x965 Src\usbd_conf.o
 .debug_loc     0x0000a01d      0x273 Src\usbd_desc.o

.debug_aranges  0x00000000     0x1010
 .debug_aranges
                0x00000000       0xc8 Drivers\STM32F1xx_HAL_Driver\Src\stm32f1xx_hal.o
 .debug_aranges
                0x000000c8       0xc8 Drivers\STM32F1xx_HAL_Driver\Src\stm32f1xx_hal_adc.o
 .debug_aranges
                0x00000190       0x90 Drivers\STM32F1xx_HAL_Driver\Src\stm32f1xx_hal_cortex.o
 .debug_aranges
                0x00000220       0x58 Drivers\STM32F1xx_HAL_Driver\Src\stm32f1xx_hal_gpio.o
 .debug_aranges
                0x00000278       0xc0 Drivers\STM32F1xx_HAL_Driver\Src\stm32f1xx_hal_pcd.o
 .debug_aranges
                0x00000338       0x28 Drivers\STM32F1xx_HAL_Driver\Src\stm32f1xx_hal_pcd_ex.o
 .debug_aranges
                0x00000360       0x88 Drivers\STM32F1xx_HAL_Driver\Src\stm32f1xx_hal_rcc.o
 .debug_aranges
                0x000003e8       0x30 Drivers\STM32F1xx_HAL_Driver\Src\stm32f1xx_hal_rcc_ex.o
 .debug_aranges
                0x00000418      0x250 Drivers\STM32F1xx_HAL_Driver\Src\stm32f1xx_hal_tim.o
 .debug_aranges
                0x00000668       0xe8 Drivers\STM32F1xx_HAL_Driver\Src\stm32f1xx_hal_tim_ex.o
 .debug_aranges
                0x00000750      0x170 Drivers\STM32F1xx_HAL_Driver\Src\stm32f1xx_hal_uart.o
 .debug_aranges
                0x000008c0       0xe0 Drivers\STM32F1xx_HAL_Driver\Src\stm32f1xx_ll_usb.o
 .debug_aranges
                0x000009a0       0x90 Middlewares\ST\STM32_USB_Device_Library\Class\CDC\Src\usbd_cdc.o
 .debug_aranges
                0x00000a30       0xa8 Middlewares\ST\STM32_USB_Device_Library\Core\Src\usbd_core.o
 .debug_aranges
                0x00000ad8       0x50 Middlewares\ST\STM32_USB_Device_Library\Core\Src\usbd_ctlreq.o
 .debug_aranges
                0x00000b28       0x50 Middlewares\ST\STM32_USB_Device_Library\Core\Src\usbd_ioreq.o
 .debug_aranges
                0x00000b78       0x38 Src\HAL_STM32_ADC.o
 .debug_aranges
                0x00000bb0       0x30 Src\HAL_STM32_CONTROL.o
 .debug_aranges
                0x00000be0       0x28 Src\HAL_STM32_PWM.o
 .debug_aranges
                0x00000c08       0x28 Src\HAL_STM32_SERVO.o
 .debug_aranges
                0x00000c30       0x28 Src\HAL_STM32_UART.o
 .debug_aranges
                0x00000c58       0x30 Src\HAL_STM32_USB.o
 .debug_aranges
                0x00000c88       0x30 Src\adc.o
 .debug_aranges
                0x00000cb8       0x20 Src\gpio.o
 .debug_aranges
                0x00000cd8       0x30 Src\main.o
 .debug_aranges
                0x00000d08       0x20 Src\stm32f1xx_hal_msp.o
 .debug_aranges
                0x00000d28       0x58 Src\stm32f1xx_it.o
 .debug_aranges
                0x00000d80       0x28 Src\system_stm32f1xx.o
 .debug_aranges
                0x00000da8       0x48 Src\tim.o
 .debug_aranges
                0x00000df0       0x30 Src\usart.o
 .debug_aranges
                0x00000e20       0x20 Src\usb_device.o
 .debug_aranges
                0x00000e40       0x48 Src\usbd_cdc_if.o
 .debug_aranges
                0x00000e88      0x110 Src\usbd_conf.o
 .debug_aranges
                0x00000f98       0x50 Src\usbd_desc.o
 .debug_aranges
                0x00000fe8       0x28 startup\startup_stm32f103xb.o

.debug_ranges   0x00000000     0x1438
 .debug_ranges  0x00000000       0xb8 Drivers\STM32F1xx_HAL_Driver\Src\stm32f1xx_hal.o
 .debug_ranges  0x000000b8       0xb8 Drivers\STM32F1xx_HAL_Driver\Src\stm32f1xx_hal_adc.o
 .debug_ranges  0x00000170      0x128 Drivers\STM32F1xx_HAL_Driver\Src\stm32f1xx_hal_cortex.o
 .debug_ranges  0x00000298       0x60 Drivers\STM32F1xx_HAL_Driver\Src\stm32f1xx_hal_gpio.o
 .debug_ranges  0x000002f8      0x118 Drivers\STM32F1xx_HAL_Driver\Src\stm32f1xx_hal_pcd.o
 .debug_ranges  0x00000410       0x18 Drivers\STM32F1xx_HAL_Driver\Src\stm32f1xx_hal_pcd_ex.o
 .debug_ranges  0x00000428       0xa0 Drivers\STM32F1xx_HAL_Driver\Src\stm32f1xx_hal_rcc.o
 .debug_ranges  0x000004c8       0x40 Drivers\STM32F1xx_HAL_Driver\Src\stm32f1xx_hal_rcc_ex.o
 .debug_ranges  0x00000508      0x340 Drivers\STM32F1xx_HAL_Driver\Src\stm32f1xx_hal_tim.o
 .debug_ranges  0x00000848       0xd8 Drivers\STM32F1xx_HAL_Driver\Src\stm32f1xx_hal_tim_ex.o
 .debug_ranges  0x00000920      0x190 Drivers\STM32F1xx_HAL_Driver\Src\stm32f1xx_hal_uart.o
 .debug_ranges  0x00000ab0      0x260 Drivers\STM32F1xx_HAL_Driver\Src\stm32f1xx_ll_usb.o
 .debug_ranges  0x00000d10       0x80 Middlewares\ST\STM32_USB_Device_Library\Class\CDC\Src\usbd_cdc.o
 .debug_ranges  0x00000d90       0x98 Middlewares\ST\STM32_USB_Device_Library\Core\Src\usbd_core.o
 .debug_ranges  0x00000e28       0xc0 Middlewares\ST\STM32_USB_Device_Library\Core\Src\usbd_ctlreq.o
 .debug_ranges  0x00000ee8       0x40 Middlewares\ST\STM32_USB_Device_Library\Core\Src\usbd_ioreq.o
 .debug_ranges  0x00000f28       0x28 Src\HAL_STM32_ADC.o
 .debug_ranges  0x00000f50       0x20 Src\HAL_STM32_CONTROL.o
 .debug_ranges  0x00000f70       0x18 Src\HAL_STM32_PWM.o
 .debug_ranges  0x00000f88       0x18 Src\HAL_STM32_SERVO.o
 .debug_ranges  0x00000fa0       0x18 Src\HAL_STM32_UART.o
 .debug_ranges  0x00000fb8       0x20 Src\HAL_STM32_USB.o
 .debug_ranges  0x00000fd8       0x40 Src\adc.o
 .debug_ranges  0x00001018       0x98 Src\gpio.o
 .debug_ranges  0x000010b0       0x20 Src\main.o
 .debug_ranges  0x000010d0       0x58 Src\stm32f1xx_hal_msp.o
 .debug_ranges  0x00001128       0x48 Src\stm32f1xx_it.o
 .debug_ranges  0x00001170       0x18 Src\system_stm32f1xx.o
 .debug_ranges  0x00001188       0xa0 Src\tim.o
 .debug_ranges  0x00001228       0x40 Src\usart.o
 .debug_ranges  0x00001268       0x10 Src\usb_device.o
 .debug_ranges  0x00001278       0x38 Src\usbd_cdc_if.o
 .debug_ranges  0x000012b0      0x128 Src\usbd_conf.o
 .debug_ranges  0x000013d8       0x40 Src\usbd_desc.o
 .debug_ranges  0x00001418       0x20 startup\startup_stm32f103xb.o

.debug_line     0x00000000     0xaa6f
 .debug_line    0x00000000      0x45f Drivers\STM32F1xx_HAL_Driver\Src\stm32f1xx_hal.o
 .debug_line    0x0000045f      0x86c Drivers\STM32F1xx_HAL_Driver\Src\stm32f1xx_hal_adc.o
 .debug_line    0x00000ccb      0x469 Drivers\STM32F1xx_HAL_Driver\Src\stm32f1xx_hal_cortex.o
 .debug_line    0x00001134      0x45e Drivers\STM32F1xx_HAL_Driver\Src\stm32f1xx_hal_gpio.o
 .debug_line    0x00001592      0x702 Drivers\STM32F1xx_HAL_Driver\Src\stm32f1xx_hal_pcd.o
 .debug_line    0x00001c94      0x2ff Drivers\STM32F1xx_HAL_Driver\Src\stm32f1xx_hal_pcd_ex.o
 .debug_line    0x00001f93      0x639 Drivers\STM32F1xx_HAL_Driver\Src\stm32f1xx_hal_rcc.o
 .debug_line    0x000025cc      0x3cc Drivers\STM32F1xx_HAL_Driver\Src\stm32f1xx_hal_rcc_ex.o
 .debug_line    0x00002998     0x115f Drivers\STM32F1xx_HAL_Driver\Src\stm32f1xx_hal_tim.o
 .debug_line    0x00003af7      0x701 Drivers\STM32F1xx_HAL_Driver\Src\stm32f1xx_hal_tim_ex.o
 .debug_line    0x000041f8      0xc45 Drivers\STM32F1xx_HAL_Driver\Src\stm32f1xx_hal_uart.o
 .debug_line    0x00004e3d      0x628 Drivers\STM32F1xx_HAL_Driver\Src\stm32f1xx_ll_usb.o
 .debug_line    0x00005465      0x543 Middlewares\ST\STM32_USB_Device_Library\Class\CDC\Src\usbd_cdc.o
 .debug_line    0x000059a8      0x52d Middlewares\ST\STM32_USB_Device_Library\Core\Src\usbd_core.o
 .debug_line    0x00005ed5      0x4ad Middlewares\ST\STM32_USB_Device_Library\Core\Src\usbd_ctlreq.o
 .debug_line    0x00006382      0x3c3 Middlewares\ST\STM32_USB_Device_Library\Core\Src\usbd_ioreq.o
 .debug_line    0x00006745      0x2fa Src\HAL_STM32_ADC.o
 .debug_line    0x00006a3f      0x493 Src\HAL_STM32_CONTROL.o
 .debug_line    0x00006ed2      0x2dc Src\HAL_STM32_PWM.o
 .debug_line    0x000071ae      0x2de Src\HAL_STM32_SERVO.o
 .debug_line    0x0000748c      0x2de Src\HAL_STM32_UART.o
 .debug_line    0x0000776a      0x39e Src\HAL_STM32_USB.o
 .debug_line    0x00007b08      0x340 Src\adc.o
 .debug_line    0x00007e48      0x2d9 Src\gpio.o
 .debug_line    0x00008121      0x728 Src\main.o
 .debug_line    0x00008849      0x283 Src\stm32f1xx_hal_msp.o
 .debug_line    0x00008acc      0x3a3 Src\stm32f1xx_it.o
 .debug_line    0x00008e6f      0x2bf Src\system_stm32f1xx.o
 .debug_line    0x0000912e      0x40c Src\tim.o
 .debug_line    0x0000953a      0x33b Src\usart.o
 .debug_line    0x00009875      0x38e Src\usb_device.o
 .debug_line    0x00009c03      0x3fb Src\usbd_cdc_if.o
 .debug_line    0x00009ffe      0x651 Src\usbd_conf.o
 .debug_line    0x0000a64f      0x3a3 Src\usbd_desc.o
 .debug_line    0x0000a9f2       0x7d startup\startup_stm32f103xb.o

.debug_str      0x00000000     0x512f
 .debug_str     0x00000000      0xc04 Drivers\STM32F1xx_HAL_Driver\Src\stm32f1xx_hal.o
                                0xca5 (size before relaxing)
 .debug_str     0x00000c04      0x660 Drivers\STM32F1xx_HAL_Driver\Src\stm32f1xx_hal_adc.o
                                0xdc1 (size before relaxing)
 .debug_str     0x00001264      0x2e1 Drivers\STM32F1xx_HAL_Driver\Src\stm32f1xx_hal_cortex.o
                                0xdcd (size before relaxing)
 .debug_str     0x00001545      0x1c9 Drivers\STM32F1xx_HAL_Driver\Src\stm32f1xx_hal_gpio.o
                                0x93a (size before relaxing)
 .debug_str     0x0000170e      0x797 Drivers\STM32F1xx_HAL_Driver\Src\stm32f1xx_hal_pcd.o
                                0xf34 (size before relaxing)
 .debug_str     0x00001ea5       0x57 Drivers\STM32F1xx_HAL_Driver\Src\stm32f1xx_hal_pcd_ex.o
                                0xa5f (size before relaxing)
 .debug_str     0x00001efc      0x317 Drivers\STM32F1xx_HAL_Driver\Src\stm32f1xx_hal_rcc.o
                                0xb18 (size before relaxing)
 .debug_str     0x00002213      0x110 Drivers\STM32F1xx_HAL_Driver\Src\stm32f1xx_hal_rcc_ex.o
                                0x8f5 (size before relaxing)
 .debug_str     0x00002323      0xf05 Drivers\STM32F1xx_HAL_Driver\Src\stm32f1xx_hal_tim.o
                               0x1869 (size before relaxing)
 .debug_str     0x00003228      0x4f1 Drivers\STM32F1xx_HAL_Driver\Src\stm32f1xx_hal_tim_ex.o
                               0x110b (size before relaxing)
 .debug_str     0x00003719      0x6e7 Drivers\STM32F1xx_HAL_Driver\Src\stm32f1xx_hal_uart.o
                               0x1082 (size before relaxing)
 .debug_str     0x00003e00      0x14f Drivers\STM32F1xx_HAL_Driver\Src\stm32f1xx_ll_usb.o
                                0xc32 (size before relaxing)
 .debug_str     0x00003f4f      0x63f Middlewares\ST\STM32_USB_Device_Library\Class\CDC\Src\usbd_cdc.o
                                0xdde (size before relaxing)
 .debug_str     0x0000458e      0x2a0 Middlewares\ST\STM32_USB_Device_Library\Core\Src\usbd_core.o
                                0xd50 (size before relaxing)
 .debug_str     0x0000482e      0x12e Middlewares\ST\STM32_USB_Device_Library\Core\Src\usbd_ctlreq.o
                                0xc6a (size before relaxing)
 .debug_str     0x0000495c       0x51 Middlewares\ST\STM32_USB_Device_Library\Core\Src\usbd_ioreq.o
                                0xb97 (size before relaxing)
 .debug_str     0x000049ad       0x80 Src\HAL_STM32_ADC.o
                                0xa7d (size before relaxing)
 .debug_str     0x00004a2d       0xa4 Src\HAL_STM32_CONTROL.o
                               0x11a2 (size before relaxing)
 .debug_str     0x00004ad1       0x36 Src\HAL_STM32_PWM.o
                                0xad9 (size before relaxing)
 .debug_str     0x00004b07       0x3a Src\HAL_STM32_SERVO.o
                                0xadb (size before relaxing)
 .debug_str     0x00004b41       0x58 Src\HAL_STM32_UART.o
                                0xab9 (size before relaxing)
 .debug_str     0x00004b99       0x7e Src\HAL_STM32_USB.o
                                0xb42 (size before relaxing)
 .debug_str     0x00004c17       0x35 Src\adc.o
                                0xb31 (size before relaxing)
 .debug_str     0x00004c4c       0x1b Src\gpio.o
                                0x7b3 (size before relaxing)
 .debug_str     0x00004c67       0xf7 Src\main.o
                               0x1578 (size before relaxing)
 .debug_str     0x00004d5e       0x1b Src\stm32f1xx_hal_msp.o
                                0x74e (size before relaxing)
 .debug_str     0x00004d79       0xdd Src\stm32f1xx_it.o
                                0xefc (size before relaxing)
 .debug_str     0x00004e56       0x4d Src\system_stm32f1xx.o
                                0x7a3 (size before relaxing)
 .debug_str     0x00004ea3       0x44 Src\tim.o
                               0x1086 (size before relaxing)
 .debug_str     0x00004ee7       0x1a Src\usart.o
                                0xb82 (size before relaxing)
 .debug_str     0x00004f01       0x21 Src\usb_device.o
                                0xb30 (size before relaxing)
 .debug_str     0x00004f22       0xb9 Src\usbd_cdc_if.o
                                0xc94 (size before relaxing)
 .debug_str     0x00004fdb       0x46 Src\usbd_conf.o
                               0x1630 (size before relaxing)
 .debug_str     0x00005021      0x10e Src\usbd_desc.o
                                0x90b (size before relaxing)

.comment        0x00000000       0x7c
 .comment       0x00000000       0x7c Drivers\STM32F1xx_HAL_Driver\Src\stm32f1xx_hal.o
                                 0x7d (size before relaxing)
 .comment       0x0000007c       0x7d Drivers\STM32F1xx_HAL_Driver\Src\stm32f1xx_hal_adc.o
 .comment       0x0000007c       0x7d Drivers\STM32F1xx_HAL_Driver\Src\stm32f1xx_hal_cortex.o
 .comment       0x0000007c       0x7d Drivers\STM32F1xx_HAL_Driver\Src\stm32f1xx_hal_gpio.o
 .comment       0x0000007c       0x7d Drivers\STM32F1xx_HAL_Driver\Src\stm32f1xx_hal_pcd.o
 .comment       0x0000007c       0x7d Drivers\STM32F1xx_HAL_Driver\Src\stm32f1xx_hal_pcd_ex.o
 .comment       0x0000007c       0x7d Drivers\STM32F1xx_HAL_Driver\Src\stm32f1xx_hal_rcc.o
 .comment       0x0000007c       0x7d Drivers\STM32F1xx_HAL_Driver\Src\stm32f1xx_hal_rcc_ex.o
 .comment       0x0000007c       0x7d Drivers\STM32F1xx_HAL_Driver\Src\stm32f1xx_hal_tim.o
 .comment       0x0000007c       0x7d Drivers\STM32F1xx_HAL_Driver\Src\stm32f1xx_hal_tim_ex.o
 .comment       0x0000007c       0x7d Drivers\STM32F1xx_HAL_Driver\Src\stm32f1xx_hal_uart.o
 .comment       0x0000007c       0x7d Drivers\STM32F1xx_HAL_Driver\Src\stm32f1xx_ll_usb.o
 .comment       0x0000007c       0x7d Middlewares\ST\STM32_USB_Device_Library\Class\CDC\Src\usbd_cdc.o
 .comment       0x0000007c       0x7d Middlewares\ST\STM32_USB_Device_Library\Core\Src\usbd_core.o
 .comment       0x0000007c       0x7d Middlewares\ST\STM32_USB_Device_Library\Core\Src\usbd_ctlreq.o
 .comment       0x0000007c       0x7d Middlewares\ST\STM32_USB_Device_Library\Core\Src\usbd_ioreq.o
 .comment       0x0000007c       0x7d Src\HAL_STM32_ADC.o
 .comment       0x0000007c       0x7d Src\HAL_STM32_CONTROL.o
 .comment       0x0000007c       0x7d Src\HAL_STM32_PWM.o
 .comment       0x0000007c       0x7d Src\HAL_STM32_SERVO.o
 .comment       0x0000007c       0x7d Src\HAL_STM32_UART.o
 .comment       0x0000007c       0x7d Src\HAL_STM32_USB.o
 .comment       0x0000007c       0x7d Src\adc.o
 .comment       0x0000007c       0x7d Src\gpio.o
 .comment       0x0000007c       0x7d Src\main.o
 .comment       0x0000007c       0x7d Src\stm32f1xx_hal_msp.o
 .comment       0x0000007c       0x7d Src\stm32f1xx_it.o
 .comment       0x0000007c       0x7d Src\system_stm32f1xx.o
 .comment       0x0000007c       0x7d Src\tim.o
 .comment       0x0000007c       0x7d Src\usart.o
 .comment       0x0000007c       0x7d Src\usb_device.o
 .comment       0x0000007c       0x7d Src\usbd_cdc_if.o
 .comment       0x0000007c       0x7d Src\usbd_conf.o
 .comment       0x0000007c       0x7d Src\usbd_desc.o

.debug_frame    0x00000000     0x2fd4
 .debug_frame   0x00000000      0x1b0 Drivers\STM32F1xx_HAL_Driver\Src\stm32f1xx_hal.o
 .debug_frame   0x000001b0      0x298 Drivers\STM32F1xx_HAL_Driver\Src\stm32f1xx_hal_adc.o
 .debug_frame   0x00000448      0x120 Drivers\STM32F1xx_HAL_Driver\Src\stm32f1xx_hal_cortex.o
 .debug_frame   0x00000568       0xd4 Drivers\STM32F1xx_HAL_Driver\Src\stm32f1xx_hal_gpio.o
 .debug_frame   0x0000063c      0x2c4 Drivers\STM32F1xx_HAL_Driver\Src\stm32f1xx_hal_pcd.o
 .debug_frame   0x00000900       0x30 Drivers\STM32F1xx_HAL_Driver\Src\stm32f1xx_hal_pcd_ex.o
 .debug_frame   0x00000930      0x150 Drivers\STM32F1xx_HAL_Driver\Src\stm32f1xx_hal_rcc.o
 .debug_frame   0x00000a80       0x6c Drivers\STM32F1xx_HAL_Driver\Src\stm32f1xx_hal_rcc_ex.o
 .debug_frame   0x00000aec      0x854 Drivers\STM32F1xx_HAL_Driver\Src\stm32f1xx_hal_tim.o
 .debug_frame   0x00001340      0x320 Drivers\STM32F1xx_HAL_Driver\Src\stm32f1xx_hal_tim_ex.o
 .debug_frame   0x00001660      0x4a0 Drivers\STM32F1xx_HAL_Driver\Src\stm32f1xx_hal_uart.o
 .debug_frame   0x00001b00      0x22c Drivers\STM32F1xx_HAL_Driver\Src\stm32f1xx_ll_usb.o
 .debug_frame   0x00001d2c      0x14c Middlewares\ST\STM32_USB_Device_Library\Class\CDC\Src\usbd_cdc.o
 .debug_frame   0x00001e78      0x1c0 Middlewares\ST\STM32_USB_Device_Library\Core\Src\usbd_core.o
 .debug_frame   0x00002038       0xcc Middlewares\ST\STM32_USB_Device_Library\Core\Src\usbd_ctlreq.o
 .debug_frame   0x00002104       0xb8 Middlewares\ST\STM32_USB_Device_Library\Core\Src\usbd_ioreq.o
 .debug_frame   0x000021bc       0x50 Src\HAL_STM32_ADC.o
 .debug_frame   0x0000220c       0x58 Src\HAL_STM32_CONTROL.o
 .debug_frame   0x00002264       0x38 Src\HAL_STM32_PWM.o
 .debug_frame   0x0000229c       0x38 Src\HAL_STM32_SERVO.o
 .debug_frame   0x000022d4       0x30 Src\HAL_STM32_UART.o
 .debug_frame   0x00002304       0x48 Src\HAL_STM32_USB.o
 .debug_frame   0x0000234c       0x60 Src\adc.o
 .debug_frame   0x000023ac       0x38 Src\gpio.o
 .debug_frame   0x000023e4       0x6c Src\main.o
 .debug_frame   0x00002450       0x28 Src\stm32f1xx_hal_msp.o
 .debug_frame   0x00002478       0xd8 Src\stm32f1xx_it.o
 .debug_frame   0x00002550       0x30 Src\system_stm32f1xx.o
 .debug_frame   0x00002580       0xb4 Src\tim.o
 .debug_frame   0x00002634       0x60 Src\usart.o
 .debug_frame   0x00002694       0x2c Src\usb_device.o
 .debug_frame   0x000026c0       0x9c Src\usbd_cdc_if.o
 .debug_frame   0x0000275c      0x284 Src\usbd_conf.o
 .debug_frame   0x000029e0       0xa8 Src\usbd_desc.o
 .debug_frame   0x00002a88       0x2c c:/program files (x86)/atollic/truestudio for stm32 9.2.0/armtools/bin/../lib/gcc/arm-atollic-eabi/6.3.1/../../../../arm-atollic-eabi/lib/armv7-m\libc_nano.a(lib_a-init.o)
 .debug_frame   0x00002ab4       0x28 c:/program files (x86)/atollic/truestudio for stm32 9.2.0/armtools/bin/../lib/gcc/arm-atollic-eabi/6.3.1/../../../../arm-atollic-eabi/lib/armv7-m\libc_nano.a(lib_a-memcpy-stub.o)